../Core/Src/main.c:88:16:CDC_Transmit_Blocking	3
../Core/Src/main.c:106:13:SendStatusLine	1
../Core/Src/main.c:111:13:StartTriggeredDmaCapture	2
../Core/Src/main.c:125:5:main	7
../Core/Src/main.c:229:13:MX_DMA_Init	1
../Core/Src/main.c:241:6:SystemClock_Config	3
../Core/Src/main.c:287:13:MX_ADC1_Init	3
../Core/Src/main.c:339:13:MX_TIM1_Init	7
../Core/Src/main.c:414:13:MX_TIM2_Init	6
../Core/Src/main.c:473:13:MX_TIM3_Init	6
../Core/Src/main.c:533:13:MX_TIM4_Init	6
../Core/Src/main.c:592:13:MX_TIM5_Init	4
../Core/Src/main.c:636:13:MX_GPIO_Init	1
../Core/Src/main.c:665:6:HAL_ADC_ConvHalfCpltCallback	2
../Core/Src/main.c:674:6:HAL_ADC_ConvCpltCallback	2
../Core/Src/main.c:690:6:Error_Handler	1
