../Core/Src/main.c:88:16:CDC_Transmit_Blocking	32	static
../Core/Src/main.c:106:13:SendStatusLine	16	static
../Core/Src/main.c:111:13:StartTriggeredDmaCapture	8	static
../Core/Src/main.c:125:5:main	224	static,ignoring_inline_asm
../Core/Src/main.c:229:13:MX_DMA_Init	16	static
../Core/Src/main.c:241:6:SystemClock_Config	88	static
../Core/Src/main.c:287:13:MX_ADC1_Init	24	static
../Core/Src/main.c:339:13:MX_TIM1_Init	96	static
../Core/Src/main.c:414:13:MX_TIM2_Init	64	static
../Core/Src/main.c:473:13:MX_TIM3_Init	64	static
../Core/Src/main.c:533:13:MX_TIM4_Init	64	static
../Core/Src/main.c:592:13:MX_TIM5_Init	32	static
../Core/Src/main.c:636:13:MX_GPIO_Init	48	static
../Core/Src/main.c:665:6:HAL_ADC_ConvHalfCpltCallback	16	static
../Core/Src/main.c:674:6:HAL_ADC_ConvCpltCallback	16	static
../Core/Src/main.c:690:6:Error_Handler	4	static,ignoring_inline_asm
