../Core/Src/main.c:141:16:CDC_Transmit_Blocking	3
../Core/Src/main.c:159:13:SendStatusLine	1
../Core/Src/main.c:164:16:CDC_Transmit_All	4
../Core/Src/main.c:183:16:AcquireFrameSlot	5
../Core/Src/main.c:210:16:FindNextReadyFrameSlot	3
../Core/Src/main.c:227:13:ReleaseFrameSlot	1
../Core/Src/main.c:234:13:AbortActiveCapture	4
../Core/Src/main.c:251:13:StartFrameCaptureFromIcgEdge	6
../Core/Src/main.c:291:16:SendFrameSlot	2
../Core/Src/main.c:325:5:main	10
../Core/Src/main.c:422:13:MX_DMA_Init	1
../Core/Src/main.c:434:6:SystemClock_Config	3
../Core/Src/main.c:480:13:MX_ADC1_Init	3
../Core/Src/main.c:532:13:MX_TIM1_Init	7
../Core/Src/main.c:607:13:MX_TIM2_Init	6
../Core/Src/main.c:666:13:MX_TIM3_Init	6
../Core/Src/main.c:726:13:MX_TIM4_Init	6
../Core/Src/main.c:787:13:MX_TIM5_Init	4
../Core/Src/main.c:831:13:MX_GPIO_Init	1
../Core/Src/main.c:860:6:HAL_ADC_ConvHalfCpltCallback	2
../Core/Src/main.c:868:6:HAL_ADC_ConvCpltCallback	5
../Core/Src/main.c:887:6:HAL_TIM_PeriodElapsedCallback	2
../Core/Src/main.c:896:6:HAL_TIM_PWM_PulseFinishedCallback	4
../Core/Src/main.c:911:6:Error_Handler	1
