Archive member included to satisfy reference by file (symbol)

C:/ST/STM32CubeIDE_1.19.0/STM32CubeIDE/plugins/com.st.stm32cube.ide.mcu.externaltools.gnu-tools-for-stm32.13.3.rel1.win32_1.0.0.202411081344/tools/bin/../lib/gcc/arm-none-eabi/13.3.1/../../../../arm-none-eabi/lib/thumb/v7e-m+fp/hard\libc_nano.a(libc_a-exit.o)
                              C:/ST/STM32CubeIDE_1.19.0/STM32CubeIDE/plugins/com.st.stm32cube.ide.mcu.externaltools.gnu-tools-for-stm32.13.3.rel1.win32_1.0.0.202411081344/tools/bin/../lib/gcc/arm-none-eabi/13.3.1/../../../../arm-none-eabi/lib/thumb/v7e-m+fp/hard/crt0.o (exit)
C:/ST/STM32CubeIDE_1.19.0/STM32CubeIDE/plugins/com.st.stm32cube.ide.mcu.externaltools.gnu-tools-for-stm32.13.3.rel1.win32_1.0.0.202411081344/tools/bin/../lib/gcc/arm-none-eabi/13.3.1/../../../../arm-none-eabi/lib/thumb/v7e-m+fp/hard\libc_nano.a(libc_a-findfp.o)
                              C:/ST/STM32CubeIDE_1.19.0/STM32CubeIDE/plugins/com.st.stm32cube.ide.mcu.externaltools.gnu-tools-for-stm32.13.3.rel1.win32_1.0.0.202411081344/tools/bin/../lib/gcc/arm-none-eabi/13.3.1/../../../../arm-none-eabi/lib/thumb/v7e-m+fp/hard\libc_nano.a(libc_a-exit.o) (__stdio_exit_handler)
C:/ST/STM32CubeIDE_1.19.0/STM32CubeIDE/plugins/com.st.stm32cube.ide.mcu.externaltools.gnu-tools-for-stm32.13.3.rel1.win32_1.0.0.202411081344/tools/bin/../lib/gcc/arm-none-eabi/13.3.1/../../../../arm-none-eabi/lib/thumb/v7e-m+fp/hard\libc_nano.a(libc_a-fwalk.o)
                              C:/ST/STM32CubeIDE_1.19.0/STM32CubeIDE/plugins/com.st.stm32cube.ide.mcu.externaltools.gnu-tools-for-stm32.13.3.rel1.win32_1.0.0.202411081344/tools/bin/../lib/gcc/arm-none-eabi/13.3.1/../../../../arm-none-eabi/lib/thumb/v7e-m+fp/hard\libc_nano.a(libc_a-findfp.o) (_fwalk_sglue)
C:/ST/STM32CubeIDE_1.19.0/STM32CubeIDE/plugins/com.st.stm32cube.ide.mcu.externaltools.gnu-tools-for-stm32.13.3.rel1.win32_1.0.0.202411081344/tools/bin/../lib/gcc/arm-none-eabi/13.3.1/../../../../arm-none-eabi/lib/thumb/v7e-m+fp/hard\libc_nano.a(libc_a-stdio.o)
                              C:/ST/STM32CubeIDE_1.19.0/STM32CubeIDE/plugins/com.st.stm32cube.ide.mcu.externaltools.gnu-tools-for-stm32.13.3.rel1.win32_1.0.0.202411081344/tools/bin/../lib/gcc/arm-none-eabi/13.3.1/../../../../arm-none-eabi/lib/thumb/v7e-m+fp/hard\libc_nano.a(libc_a-findfp.o) (__sread)
C:/ST/STM32CubeIDE_1.19.0/STM32CubeIDE/plugins/com.st.stm32cube.ide.mcu.externaltools.gnu-tools-for-stm32.13.3.rel1.win32_1.0.0.202411081344/tools/bin/../lib/gcc/arm-none-eabi/13.3.1/../../../../arm-none-eabi/lib/thumb/v7e-m+fp/hard\libc_nano.a(libc_a-memset.o)
                              C:/ST/STM32CubeIDE_1.19.0/STM32CubeIDE/plugins/com.st.stm32cube.ide.mcu.externaltools.gnu-tools-for-stm32.13.3.rel1.win32_1.0.0.202411081344/tools/bin/../lib/gcc/arm-none-eabi/13.3.1/../../../../arm-none-eabi/lib/thumb/v7e-m+fp/hard/crt0.o (memset)
C:/ST/STM32CubeIDE_1.19.0/STM32CubeIDE/plugins/com.st.stm32cube.ide.mcu.externaltools.gnu-tools-for-stm32.13.3.rel1.win32_1.0.0.202411081344/tools/bin/../lib/gcc/arm-none-eabi/13.3.1/../../../../arm-none-eabi/lib/thumb/v7e-m+fp/hard\libc_nano.a(libc_a-closer.o)
                              C:/ST/STM32CubeIDE_1.19.0/STM32CubeIDE/plugins/com.st.stm32cube.ide.mcu.externaltools.gnu-tools-for-stm32.13.3.rel1.win32_1.0.0.202411081344/tools/bin/../lib/gcc/arm-none-eabi/13.3.1/../../../../arm-none-eabi/lib/thumb/v7e-m+fp/hard\libc_nano.a(libc_a-stdio.o) (_close_r)
C:/ST/STM32CubeIDE_1.19.0/STM32CubeIDE/plugins/com.st.stm32cube.ide.mcu.externaltools.gnu-tools-for-stm32.13.3.rel1.win32_1.0.0.202411081344/tools/bin/../lib/gcc/arm-none-eabi/13.3.1/../../../../arm-none-eabi/lib/thumb/v7e-m+fp/hard\libc_nano.a(libc_a-reent.o)
                              C:/ST/STM32CubeIDE_1.19.0/STM32CubeIDE/plugins/com.st.stm32cube.ide.mcu.externaltools.gnu-tools-for-stm32.13.3.rel1.win32_1.0.0.202411081344/tools/bin/../lib/gcc/arm-none-eabi/13.3.1/../../../../arm-none-eabi/lib/thumb/v7e-m+fp/hard\libc_nano.a(libc_a-closer.o) (errno)
C:/ST/STM32CubeIDE_1.19.0/STM32CubeIDE/plugins/com.st.stm32cube.ide.mcu.externaltools.gnu-tools-for-stm32.13.3.rel1.win32_1.0.0.202411081344/tools/bin/../lib/gcc/arm-none-eabi/13.3.1/../../../../arm-none-eabi/lib/thumb/v7e-m+fp/hard\libc_nano.a(libc_a-impure.o)
                              C:/ST/STM32CubeIDE_1.19.0/STM32CubeIDE/plugins/com.st.stm32cube.ide.mcu.externaltools.gnu-tools-for-stm32.13.3.rel1.win32_1.0.0.202411081344/tools/bin/../lib/gcc/arm-none-eabi/13.3.1/../../../../arm-none-eabi/lib/thumb/v7e-m+fp/hard\libc_nano.a(libc_a-reent.o) (_impure_ptr)
C:/ST/STM32CubeIDE_1.19.0/STM32CubeIDE/plugins/com.st.stm32cube.ide.mcu.externaltools.gnu-tools-for-stm32.13.3.rel1.win32_1.0.0.202411081344/tools/bin/../lib/gcc/arm-none-eabi/13.3.1/../../../../arm-none-eabi/lib/thumb/v7e-m+fp/hard\libc_nano.a(libc_a-lseekr.o)
[...]
Memory Configuration

Name             Origin             Length             Attributes
RAM              0x20000000         0x00020000         xrw
FLASH            0x08000000         0x00080000         xr
*default*        0x00000000         0xffffffff

Linker script and memory map

LOAD C:/ST/STM32CubeIDE_1.19.0/STM32CubeIDE/plugins/com.st.stm32cube.ide.mcu.externaltools.gnu-tools-for-stm32.13.3.rel1.win32_1.0.0.202411081344/tools/bin/../lib/gcc/arm-none-eabi/13.3.1/thumb/v7e-m+fp/hard/crti.o
LOAD C:/ST/STM32CubeIDE_1.19.0/STM32CubeIDE/plugins/com.st.stm32cube.ide.mcu.externaltools.gnu-tools-for-stm32.13.3.rel1.win32_1.0.0.202411081344/tools/bin/../lib/gcc/arm-none-eabi/13.3.1/thumb/v7e-m+fp/hard/crtbegin.o
LOAD C:/ST/STM32CubeIDE_1.19.0/STM32CubeIDE/plugins/com.st.stm32cube.ide.mcu.externaltools.gnu-tools-for-stm32.13.3.rel1.win32_1.0.0.202411081344/tools/bin/../lib/gcc/arm-none-eabi/13.3.1/../../../../arm-none-eabi/lib/thumb/v7e-m+fp/hard/crt0.o
LOAD ./Core/Src/main.o
LOAD ./Core/Src/stm32f4xx_hal_msp.o
LOAD ./Core/Src/stm32f4xx_it.o
LOAD ./Core/Src/syscalls.o
LOAD ./Core/Src/sysmem.o
LOAD ./Core/Src/system_stm32f4xx.o
LOAD ./Core/Startup/startup_stm32f411ceux.o
LOAD ./Drivers/STM32F4xx_HAL_Driver/Src/stm32f4xx_hal.o
LOAD ./Drivers/STM32F4xx_HAL_Driver/Src/stm32f4xx_hal_adc.o
LOAD ./Drivers/STM32F4xx_HAL_Driver/Src/stm32f4xx_hal_adc_ex.o
LOAD ./Drivers/STM32F4xx_HAL_Driver/Src/stm32f4xx_hal_cortex.o
LOAD ./Drivers/STM32F4xx_HAL_Driver/Src/stm32f4xx_hal_dma.o
LOAD ./Drivers/STM32F4xx_HAL_Driver/Src/stm32f4xx_hal_dma_ex.o
LOAD ./Drivers/STM32F4xx_HAL_Driver/Src/stm32f4xx_hal_exti.o
LOAD ./Drivers/STM32F4xx_HAL_Driver/Src/stm32f4xx_hal_flash.o
LOAD ./Drivers/STM32F4xx_HAL_Driver/Src/stm32f4xx_hal_flash_ex.o
LOAD ./Drivers/STM32F4xx_HAL_Driver/Src/stm32f4xx_hal_flash_ramfunc.o
LOAD ./Drivers/STM32F4xx_HAL_Driver/Src/stm32f4xx_hal_gpio.o
LOAD ./Drivers/STM32F4xx_HAL_Driver/Src/stm32f4xx_hal_pcd.o
LOAD ./Drivers/STM32F4xx_HAL_Driver/Src/stm32f4xx_hal_pcd_ex.o
LOAD ./Drivers/STM32F4xx_HAL_Driver/Src/stm32f4xx_hal_pwr.o
LOAD ./Drivers/STM32F4xx_HAL_Driver/Src/stm32f4xx_hal_pwr_ex.o
LOAD ./Drivers/STM32F4xx_HAL_Driver/Src/stm32f4xx_hal_rcc.o
LOAD ./Drivers/STM32F4xx_HAL_Driver/Src/stm32f4xx_hal_rcc_ex.o
LOAD ./Drivers/STM32F4xx_HAL_Driver/Src/stm32f4xx_hal_tim.o
LOAD ./Drivers/STM32F4xx_HAL_Driver/Src/stm32f4xx_hal_tim_ex.o
LOAD ./Drivers/STM32F4xx_HAL_Driver/Src/stm32f4xx_ll_adc.o
LOAD ./Drivers/STM32F4xx_HAL_Driver/Src/stm32f4xx_ll_usb.o
LOAD ./Middlewares/ST/STM32_USB_Device_Library/Class/CDC/Src/usbd_cdc.o
LOAD ./Middlewares/ST/STM32_USB_Device_Library/Core/Src/usbd_core.o
LOAD ./Middlewares/ST/STM32_USB_Device_Library/Core/Src/usbd_ctlreq.o
LOAD ./Middlewares/ST/STM32_USB_Device_Library/Core/Src/usbd_ioreq.o
LOAD ./USB_DEVICE/App/usb_device.o
LOAD ./USB_DEVICE/App/usbd_cdc_if.o
LOAD ./USB_DEVICE/App/usbd_desc.o
LOAD ./USB_DEVICE/Target/usbd_conf.o
START GROUP
LOAD C:/ST/STM32CubeIDE_1.19.0/STM32CubeIDE/plugins/com.st.stm32cube.ide.mcu.externaltools.gnu-tools-for-stm32.13.3.rel1.win32_1.0.0.202411081344/tools/bin/../lib/gcc/arm-none-eabi/13.3.1/../../../../arm-none-eabi/lib/thumb/v7e-m+fp/hard\libc_nano.a
LOAD C:/ST/STM32CubeIDE_1.19.0/STM32CubeIDE/plugins/com.st.stm32cube.ide.mcu.externaltools.gnu-tools-for-stm32.13.3.rel1.win32_1.0.0.202411081344/tools/bin/../lib/gcc/arm-none-eabi/13.3.1/../../../../arm-none-eabi/lib/thumb/v7e-m+fp/hard\libm.a
END GROUP
START GROUP
LOAD C:/ST/STM32CubeIDE_1.19.0/STM32CubeIDE/plugins/com.st.stm32cube.ide.mcu.externaltools.gnu-tools-for-stm32.13.3.rel1.win32_1.0.0.202411081344/tools/bin/../lib/gcc/arm-none-eabi/13.3.1/thumb/v7e-m+fp/hard\libgcc.a
LOAD C:/ST/STM32CubeIDE_1.19.0/STM32CubeIDE/plugins/com.st.stm32cube.ide.mcu.externaltools.gnu-tools-for-stm32.13.3.rel1.win32_1.0.0.202411081344/tools/bin/../lib/gcc/arm-none-eabi/13.3.1/../../../../arm-none-eabi/lib/thumb/v7e-m+fp/hard\libc_nano.a
END GROUP
START GROUP
LOAD C:/ST/STM32CubeIDE_1.19.0/STM32CubeIDE/plugins/com.st.stm32cube.ide.mcu.externaltools.gnu-tools-for-stm32.13.3.rel1.win32_1.0.0.202411081344/tools/bin/../lib/gcc/arm-none-eabi/13.3.1/thumb/v7e-m+fp/hard\libgcc.a
LOAD C:/ST/STM32CubeIDE_1.19.0/STM32CubeIDE/plugins/com.st.stm32cube.ide.mcu.externaltools.gnu-tools-for-stm32.13.3.rel1.win32_1.0.0.202411081344/tools/bin/../lib/gcc/arm-none-eabi/13.3.1/../../../../arm-none-eabi/lib/thumb/v7e-m+fp/hard\libc_nano.a
LOAD C:/ST/STM32CubeIDE_1.19.0/STM32CubeIDE/plugins/com.st.stm32cube.ide.mcu.externaltools.gnu-tools-for-stm32.13.3.rel1.win32_1.0.0.202411081344/tools/bin/../lib/gcc/arm-none-eabi/13.3.1/../../../../arm-none-eabi/lib/thumb/v7e-m+fp/hard\libnosys.a
END GROUP
START GROUP
LOAD C:/ST/STM32CubeIDE_1.19.0/STM32CubeIDE/plugins/com.st.stm32cube.ide.mcu.externaltools.gnu-tools-for-stm32.13.3.rel1.win32_1.0.0.202411081344/tools/bin/../lib/gcc/arm-none-eabi/13.3.1/thumb/v7e-m+fp/hard\libgcc.a
LOAD C:/ST/STM32CubeIDE_1.19.0/STM32CubeIDE/plugins/com.st.stm32cube.ide.mcu.externaltools.gnu-tools-for-stm32.13.3.rel1.win32_1.0.0.202411081344/tools/bin/../lib/gcc/arm-none-eabi/13.3.1/../../../../arm-none-eabi/lib/thumb/v7e-m+fp/hard\libc_nano.a
LOAD C:/ST/STM32CubeIDE_1.19.0/STM32CubeIDE/plugins/com.st.stm32cube.ide.mcu.externaltools.gnu-tools-for-stm32.13.3.rel1.win32_1.0.0.202411081344/tools/bin/../lib/gcc/arm-none-eabi/13.3.1/../../../../arm-none-eabi/lib/thumb/v7e-m+fp/hard\libnosys.a
END GROUP
LOAD C:/ST/STM32CubeIDE_1.19.0/STM32CubeIDE/plugins/com.st.stm32cube.ide.mcu.externaltools.gnu-tools-for-stm32.13.3.rel1.win32_1.0.0.202411081344/tools/bin/../lib/gcc/arm-none-eabi/13.3.1/thumb/v7e-m+fp/hard/crtend.o
LOAD C:/ST/STM32CubeIDE_1.19.0/STM32CubeIDE/plugins/com.st.stm32cube.ide.mcu.externaltools.gnu-tools-for-stm32.13.3.rel1.win32_1.0.0.202411081344/tools/bin/../lib/gcc/arm-none-eabi/13.3.1/thumb/v7e-m+fp/hard/crtn.o
                0x20020000                        _estack = (ORIGIN (RAM) + LENGTH (RAM))
                0x00000200                        _Min_Heap_Size = 0x200
                0x00000400                        _Min_Stack_Size = 0x400

.isr_vector     0x08000000      0x198
                0x08000000                        . = ALIGN (0x4)
 *(.isr_vector)
 .isr_vector    0x08000000      0x198 ./Core/Startup/startup_stm32f411ceux.o
                0x08000000                g_pfnVectors
                0x08000198                        . = ALIGN (0x4)

.text           0x08000198     0x8238
                0x08000198                        . = ALIGN (0x4)
 *(.text)
 .text          0x08000198       0x40 C:/ST/STM32CubeIDE_1.19.0/STM32CubeIDE/plugins/com.st.stm32cube.ide.mcu.externaltools.gnu-tools-for-stm32.13.3.rel1.win32_1.0.0.202411081344/tools/bin/../lib/gcc/arm-none-eabi/13.3.1/thumb/v7e-m+fp/hard/crtbegin.o
 .text          0x080001d8       0x30 C:/ST/STM32CubeIDE_1.19.0/STM32CubeIDE/plugins/com.st.stm32cube.ide.mcu.externaltools.gnu-tools-for-stm32.13.3.rel1.win32_1.0.0.202411081344/tools/bin/../lib/gcc/arm-none-eabi/13.3.1/thumb/v7e-m+fp/hard\libgcc.a(_aeabi_uldivmod.o)
                0x080001d8                __aeabi_uldivmod
 .text          0x08000208      0x2f8 C:/ST/STM32CubeIDE_1.19.0/STM32CubeIDE/plugins/com.st.stm32cube.ide.mcu.externaltools.gnu-tools-for-stm32.13.3.rel1.win32_1.0.0.202411081344/tools/bin/../lib/gcc/arm-none-eabi/13.3.1/thumb/v7e-m+fp/hard\libgcc.a(_udivmoddi4.o)
                0x08000208                __udivmoddi4
 .text          0x08000500        0x4 C:/ST/STM32CubeIDE_1.19.0/STM32CubeIDE/plugins/com.st.stm32cube.ide.mcu.externaltools.gnu-tools-for-stm32.13.3.rel1.win32_1.0.0.202411081344/tools/bin/../lib/gcc/arm-none-eabi/13.3.1/thumb/v7e-m+fp/hard\libgcc.a(_dvmd_tls.o)
                0x08000500                __aeabi_idiv0
                0x08000500                __aeabi_ldiv0
 *(.text*)
 .text.main     0x08000504       0x6c ./Core/Src/main.o
                0x08000504                main
 .text.SystemClock_Config
                0x08000570       0xd0 ./Core/Src/main.o
                0x08000570                SystemClock_Config
 .text.MX_ADC1_Init
                0x08000640       0xa4 ./Core/Src/main.o
 .text.MX_TIM1_Init
                0x080006e4      0x140 ./Core/Src/main.o
 .text.MX_TIM2_Init
                0x08000824       0xf0 ./Core/Src/main.o
 .text.MX_TIM3_Init
                0x08000914       0xf0 ./Core/Src/main.o
 .text.MX_GPIO_Init
                0x08000a04       0xc0 ./Core/Src/main.o
 .text.Error_Handler
                0x08000ac4        0xc ./Core/Src/main.o
                0x08000ac4                Error_Handler
 .text.HAL_MspInit
                0x08000ad0       0x50 ./Core/Src/stm32f4xx_hal_msp.o
                0x08000ad0                HAL_MspInit
 .text.HAL_ADC_MspInit
                0x08000b20       0x88 ./Core/Src/stm32f4xx_hal_msp.o
                0x08000b20                HAL_ADC_MspInit
 .text.HAL_TIM_Base_MspInit
                0x08000ba8       0x98 ./Core/Src/stm32f4xx_hal_msp.o
                0x08000ba8                HAL_TIM_Base_MspInit
 .text.HAL_TIM_MspPostInit
                0x08000c40      0x108 ./Core/Src/stm32f4xx_hal_msp.o
                0x08000c40                HAL_TIM_MspPostInit
 .text.NMI_Handler
                0x08000d48        0x8 ./Core/Src/stm32f4xx_it.o
                0x08000d48                NMI_Handler
 .text.HardFault_Handler
                0x08000d50        0x8 ./Core/Src/stm32f4xx_it.o
                0x08000d50                HardFault_Handler
 .text.MemManage_Handler
                0x08000d58        0x8 ./Core/Src/stm32f4xx_it.o
                0x08000d58                MemManage_Handler
 .text.BusFault_Handler
                0x08000d60        0x8 ./Core/Src/stm32f4xx_it.o
                0x08000d60                BusFault_Handler
 .text.UsageFault_Handler
                0x08000d68        0x8 ./Core/Src/stm32f4xx_it.o
                0x08000d68                UsageFault_Handler
 .text.SVC_Handler
                0x08000d70        0xe ./Core/Src/stm32f4xx_it.o
                0x08000d70                SVC_Handler
 .text.DebugMon_Handler
                0x08000d7e        0xe ./Core/Src/stm32f4xx_it.o
                0x08000d7e                DebugMon_Handler
 .text.PendSV_Handler
                0x08000d8c        0xe ./Core/Src/stm32f4xx_it.o
                0x08000d8c                PendSV_Handler
 .text.SysTick_Handler
                0x08000d9a        0xc ./Core/Src/stm32f4xx_it.o
                0x08000d9a                SysTick_Handler
 *fill*         0x08000da6        0x2 
 .text.OTG_FS_IRQHandler
                0x08000da8       0x14 ./Core/Src/stm32f4xx_it.o
                0x08000da8                OTG_FS_IRQHandler
 .text.SystemInit
                0x08000dbc       0x24 ./Core/Src/system_stm32f4xx.o
                0x08000dbc                SystemInit
 .text.Reset_Handler
                0x08000de0       0x50 ./Core/Startup/startup_stm32f411ceux.o
                0x08000de0                Reset_Handler
 .text.Default_Handler
                0x08000e30        0x2 ./Core/Startup/startup_stm32f411ceux.o
                0x08000e30                RTC_Alarm_IRQHandler
                0x08000e30                EXTI2_IRQHandler
                0x08000e30                SPI4_IRQHandler
                0x08000e30                TIM1_CC_IRQHandler
                0x08000e30                DMA2_Stream5_IRQHandler
                0x08000e30                DMA1_Stream5_IRQHandler
                0x08000e30                PVD_IRQHandler
                0x08000e30                SDIO_IRQHandler
                0x08000e30                TAMP_STAMP_IRQHandler
                0x08000e30                EXTI3_IRQHandler
                0x08000e30                TIM1_UP_TIM10_IRQHandler
                0x08000e30                I2C3_ER_IRQHandler
                0x08000e30                EXTI0_IRQHandler
                0x08000e30                I2C2_EV_IRQHandler
                0x08000e30                DMA1_Stream2_IRQHandler
                0x08000e30                FPU_IRQHandler
                0x08000e30                DMA2_Stream2_IRQHandler
                0x08000e30                SPI1_IRQHandler
                0x08000e30                TIM1_BRK_TIM9_IRQHandler
                0x08000e30                DMA2_Stream3_IRQHandler
                0x08000e30                USART6_IRQHandler
                0x08000e30                DMA2_Stream0_IRQHandler
                0x08000e30                TIM4_IRQHandler
                0x08000e30                I2C1_EV_IRQHandler
                0x08000e30                DMA1_Stream6_IRQHandler
                0x08000e30                DMA1_Stream1_IRQHandler
                0x08000e30                TIM3_IRQHandler
                0x08000e30                RCC_IRQHandler
                0x08000e30                Default_Handler
                0x08000e30                EXTI15_10_IRQHandler
                0x08000e30                ADC_IRQHandler
                0x08000e30                DMA1_Stream7_IRQHandler
                0x08000e30                SPI5_IRQHandler
                0x08000e30                TIM5_IRQHandler
                0x08000e30                DMA2_Stream7_IRQHandler
                0x08000e30                I2C3_EV_IRQHandler
                0x08000e30                EXTI9_5_IRQHandler
                0x08000e30                RTC_WKUP_IRQHandler
                0x08000e30                SPI2_IRQHandler
                0x08000e30                DMA1_Stream0_IRQHandler
                0x08000e30                EXTI4_IRQHandler
                0x08000e30                WWDG_IRQHandler
                0x08000e30                TIM2_IRQHandler
                0x08000e30                OTG_FS_WKUP_IRQHandler
                0x08000e30                TIM1_TRG_COM_TIM11_IRQHandler
                0x08000e30                EXTI1_IRQHandler
                0x08000e30                USART2_IRQHandler
                0x08000e30                I2C2_ER_IRQHandler
                0x08000e30                DMA2_Stream1_IRQHandler
                0x08000e30                FLASH_IRQHandler
                0x08000e30                DMA2_Stream4_IRQHandler
                0x08000e30                USART1_IRQHandler
                0x08000e30                SPI3_IRQHandler
                0x08000e30                DMA1_Stream4_IRQHandler
                0x08000e30                I2C1_ER_IRQHandler
                0x08000e30                DMA2_Stream6_IRQHandler
                0x08000e30                DMA1_Stream3_IRQHandler
 *fill*         0x08000e32        0x2 
 .text.HAL_Init
                0x08000e34       0x44 ./Drivers/STM32F4xx_HAL_Driver/Src/stm32f4xx_hal.o
                0x08000e34                HAL_Init
 .text.HAL_InitTick
                0x08000e78       0x60 ./Drivers/STM32F4xx_HAL_Driver/Src/stm32f4xx_hal.o
                0x08000e78                HAL_InitTick
 .text.HAL_IncTick
                0x08000ed8       0x28 ./Drivers/STM32F4xx_HAL_Driver/Src/stm32f4xx_hal.o
                0x08000ed8                HAL_IncTick
 .text.HAL_GetTick
                0x08000f00       0x18 ./Drivers/STM32F4xx_HAL_Driver/Src/stm32f4xx_hal.o
                0x08000f00                HAL_GetTick
 .text.HAL_Delay
                0x08000f18       0x48 ./Drivers/STM32F4xx_HAL_Driver/Src/stm32f4xx_hal.o
                0x08000f18                HAL_Delay
 .text.HAL_ADC_Init
                0x08000f60       0x86 ./Drivers/STM32F4xx_HAL_Driver/Src/stm32f4xx_hal_adc.o
                0x08000f60                HAL_ADC_Init
 *fill*         0x08000fe6        0x2 
 .text.HAL_ADC_ConfigChannel
                0x08000fe8      0x264 ./Drivers/STM32F4xx_HAL_Driver/Src/stm32f4xx_hal_adc.o
                0x08000fe8                HAL_ADC_ConfigChannel
 .text.ADC_Init
                0x0800124c      0x1f8 ./Drivers/STM32F4xx_HAL_Driver/Src/stm32f4xx_hal_adc.o
 .text.__NVIC_SetPriorityGrouping
                0x08001444       0x48 ./Drivers/STM32F4xx_HAL_Driver/Src/stm32f4xx_hal_cortex.o
 .text.__NVIC_GetPriorityGrouping
                0x0800148c       0x1c ./Drivers/STM32F4xx_HAL_Driver/Src/stm32f4xx_hal_cortex.o
 .text.__NVIC_EnableIRQ
                0x080014a8       0x3c ./Drivers/STM32F4xx_HAL_Driver/Src/stm32f4xx_hal_cortex.o
 .text.__NVIC_SetPriority
                0x080014e4       0x54 ./Drivers/STM32F4xx_HAL_Driver/Src/stm32f4xx_hal_cortex.o
 .text.NVIC_EncodePriority
                0x08001538       0x66 ./Drivers/STM32F4xx_HAL_Driver/Src/stm32f4xx_hal_cortex.o
 *fill*         0x0800159e        0x2 
 .text.SysTick_Config
                0x080015a0       0x44 ./Drivers/STM32F4xx_HAL_Driver/Src/stm32f4xx_hal_cortex.o
 .text.HAL_NVIC_SetPriorityGrouping
                0x080015e4       0x16 ./Drivers/STM32F4xx_HAL_Driver/Src/stm32f4xx_hal_cortex.o
                0x080015e4                HAL_NVIC_SetPriorityGrouping
 .text.HAL_NVIC_SetPriority
                0x080015fa       0x38 ./Drivers/STM32F4xx_HAL_Driver/Src/stm32f4xx_hal_cortex.o
                0x080015fa                HAL_NVIC_SetPriority
 .text.HAL_NVIC_EnableIRQ
                0x08001632       0x1c ./Drivers/STM32F4xx_HAL_Driver/Src/stm32f4xx_hal_cortex.o
                0x08001632                HAL_NVIC_EnableIRQ
 .text.HAL_SYSTICK_Config
                0x0800164e       0x18 ./Drivers/STM32F4xx_HAL_Driver/Src/stm32f4xx_hal_cortex.o
                0x0800164e                HAL_SYSTICK_Config
 *fill*         0x08001666        0x2 
 .text.HAL_GPIO_Init
                0x08001668      0x308 ./Drivers/STM32F4xx_HAL_Driver/Src/stm32f4xx_hal_gpio.o
                0x08001668                HAL_GPIO_Init
 .text.HAL_GPIO_WritePin
                0x08001970       0x32 ./Drivers/STM32F4xx_HAL_Driver/Src/stm32f4xx_hal_gpio.o
                0x08001970                HAL_GPIO_WritePin
 .text.HAL_PCD_Init
                0x080019a2      0x21e ./Drivers/STM32F4xx_HAL_Driver/Src/stm32f4xx_hal_pcd.o
                0x080019a2                HAL_PCD_Init
 .text.HAL_PCD_Start
                0x08001bc0       0x6a ./Drivers/STM32F4xx_HAL_Driver/Src/stm32f4xx_hal_pcd.o
                0x08001bc0                HAL_PCD_Start
 .text.HAL_PCD_IRQHandler
                0x08001c2a      0x942 ./Drivers/STM32F4xx_HAL_Driver/Src/stm32f4xx_hal_pcd.o
                0x08001c2a                HAL_PCD_IRQHandler
 .text.HAL_PCD_SetAddress
                0x0800256c       0x48 ./Drivers/STM32F4xx_HAL_Driver/Src/stm32f4xx_hal_pcd.o
                0x0800256c                HAL_PCD_SetAddress
 .text.HAL_PCD_EP_Open
                0x080025b4       0xd4 ./Drivers/STM32F4xx_HAL_Driver/Src/stm32f4xx_hal_pcd.o
                0x080025b4                HAL_PCD_EP_Open
 .text.HAL_PCD_EP_Close
                0x08002688       0x94 ./Drivers/STM32F4xx_HAL_Driver/Src/stm32f4xx_hal_pcd.o
                0x08002688                HAL_PCD_EP_Close
 .text.HAL_PCD_EP_Receive
                0x0800271c       0x76 ./Drivers/STM32F4xx_HAL_Driver/Src/stm32f4xx_hal_pcd.o
                0x0800271c                HAL_PCD_EP_Receive
 .text.HAL_PCD_EP_GetRxCount
                0x08002792       0x30 ./Drivers/STM32F4xx_HAL_Driver/Src/stm32f4xx_hal_pcd.o
                0x08002792                HAL_PCD_EP_GetRxCount
 .text.HAL_PCD_EP_Transmit
                0x080027c2       0x74 ./Drivers/STM32F4xx_HAL_Driver/Src/stm32f4xx_hal_pcd.o
                0x080027c2                HAL_PCD_EP_Transmit
 .text.HAL_PCD_EP_SetStall
                0x08002836       0xc6 ./Drivers/STM32F4xx_HAL_Driver/Src/stm32f4xx_hal_pcd.o
                0x08002836                HAL_PCD_EP_SetStall
 .text.HAL_PCD_EP_ClrStall
                0x080028fc       0xac ./Drivers/STM32F4xx_HAL_Driver/Src/stm32f4xx_hal_pcd.o
                0x080028fc                HAL_PCD_EP_ClrStall
 .text.HAL_PCD_EP_Abort
                0x080029a8       0x62 ./Drivers/STM32F4xx_HAL_Driver/Src/stm32f4xx_hal_pcd.o
                0x080029a8                HAL_PCD_EP_Abort
 .text.PCD_WriteEmptyTxFifo
                0x08002a0a      0x118 ./Drivers/STM32F4xx_HAL_Driver/Src/stm32f4xx_hal_pcd.o
 *fill*         0x08002b22        0x2 
 .text.PCD_EP_OutXfrComplete_int
                0x08002b24      0x1d0 ./Drivers/STM32F4xx_HAL_Driver/Src/stm32f4xx_hal_pcd.o
 .text.PCD_EP_OutSetupPacket_int
                0x08002cf4       0x8c ./Drivers/STM32F4xx_HAL_Driver/Src/stm32f4xx_hal_pcd.o
 .text.HAL_PCDEx_SetTxFiFo
                0x08002d80       0x8e ./Drivers/STM32F4xx_HAL_Driver/Src/stm32f4xx_hal_pcd_ex.o
                0x08002d80                HAL_PCDEx_SetTxFiFo
 .text.HAL_PCDEx_SetRxFiFo
                0x08002e0e       0x22 ./Drivers/STM32F4xx_HAL_Driver/Src/stm32f4xx_hal_pcd_ex.o
                0x08002e0e                HAL_PCDEx_SetRxFiFo
 .text.HAL_PCDEx_LPM_Callback
                0x08002e30       0x18 ./Drivers/STM32F4xx_HAL_Driver/Src/stm32f4xx_hal_pcd_ex.o
                0x08002e30                HAL_PCDEx_LPM_Callback
 .text.HAL_RCC_OscConfig
                0x08002e48      0x4f0 ./Drivers/STM32F4xx_HAL_Driver/Src/stm32f4xx_hal_rcc.o
                0x08002e48                HAL_RCC_OscConfig
 .text.HAL_RCC_ClockConfig
                0x08003338      0x1cc ./Drivers/STM32F4xx_HAL_Driver/Src/stm32f4xx_hal_rcc.o
                0x08003338                HAL_RCC_ClockConfig
 .text.HAL_RCC_GetSysClockFreq
                0x08003504      0x18c ./Drivers/STM32F4xx_HAL_Driver/Src/stm32f4xx_hal_rcc.o
                0x08003504                HAL_RCC_GetSysClockFreq
 .text.HAL_RCC_GetHCLKFreq
                0x08003690       0x18 ./Drivers/STM32F4xx_HAL_Driver/Src/stm32f4xx_hal_rcc.o
                0x08003690                HAL_RCC_GetHCLKFreq
 .text.HAL_TIM_Base_Init
                0x080036a8       0x9e ./Drivers/STM32F4xx_HAL_Driver/Src/stm32f4xx_hal_tim.o
                0x080036a8                HAL_TIM_Base_Init
 .text.HAL_TIM_PWM_Init
                0x08003746       0x9e ./Drivers/STM32F4xx_HAL_Driver/Src/stm32f4xx_hal_tim.o
                0x08003746                HAL_TIM_PWM_Init
 .text.HAL_TIM_PWM_MspInit
                0x080037e4       0x14 ./Drivers/STM32F4xx_HAL_Driver/Src/stm32f4xx_hal_tim.o
                0x080037e4                HAL_TIM_PWM_MspInit
 .text.HAL_TIM_PWM_Start
                0x080037f8      0x160 ./Drivers/STM32F4xx_HAL_Driver/Src/stm32f4xx_hal_tim.o
                0x080037f8                HAL_TIM_PWM_Start
 .text.HAL_TIM_PWM_ConfigChannel
                0x08003958      0x184 ./Drivers/STM32F4xx_HAL_Driver/Src/stm32f4xx_hal_tim.o
                0x08003958                HAL_TIM_PWM_ConfigChannel
 .text.HAL_TIM_ConfigClockSource
                0x08003adc      0x18e ./Drivers/STM32F4xx_HAL_Driver/Src/stm32f4xx_hal_tim.o
                0x08003adc                HAL_TIM_ConfigClockSource
 *fill*         0x08003c6a        0x2 
 .text.TIM_Base_SetConfig
                0x08003c6c      0x10c ./Drivers/STM32F4xx_HAL_Driver/Src/stm32f4xx_hal_tim.o
                0x08003c6c                TIM_Base_SetConfig
 .text.TIM_OC1_SetConfig
                0x08003d78       0xcc ./Drivers/STM32F4xx_HAL_Driver/Src/stm32f4xx_hal_tim.o
 .text.TIM_OC2_SetConfig
                0x08003e44       0xd8 ./Drivers/STM32F4xx_HAL_Driver/Src/stm32f4xx_hal_tim.o
                0x08003e44                TIM_OC2_SetConfig
 .text.TIM_OC3_SetConfig
                0x08003f1c       0xd4 ./Drivers/STM32F4xx_HAL_Driver/Src/stm32f4xx_hal_tim.o
 .text.TIM_OC4_SetConfig
                0x08003ff0       0xa0 ./Drivers/STM32F4xx_HAL_Driver/Src/stm32f4xx_hal_tim.o
 .text.TIM_TI1_ConfigInputStage
                0x08004090       0x5e ./Drivers/STM32F4xx_HAL_Driver/Src/stm32f4xx_hal_tim.o
 .text.TIM_TI2_ConfigInputStage
                0x080040ee       0x60 ./Drivers/STM32F4xx_HAL_Driver/Src/stm32f4xx_hal_tim.o
 .text.TIM_ITRx_SetConfig
                0x0800414e       0x36 ./Drivers/STM32F4xx_HAL_Driver/Src/stm32f4xx_hal_tim.o
 .text.TIM_ETR_SetConfig
                0x08004184       0x40 ./Drivers/STM32F4xx_HAL_Driver/Src/stm32f4xx_hal_tim.o
                0x08004184                TIM_ETR_SetConfig
 .text.TIM_CCxChannelCmd
                0x080041c4       0x4a ./Drivers/STM32F4xx_HAL_Driver/Src/stm32f4xx_hal_tim.o
                0x080041c4                TIM_CCxChannelCmd
 *fill*         0x0800420e        0x2 
 .text.HAL_TIMEx_MasterConfigSynchronization
                0x08004210       0xdc ./Drivers/STM32F4xx_HAL_Driver/Src/stm32f4xx_hal_tim_ex.o
                0x08004210                HAL_TIMEx_MasterConfigSynchronization
 .text.HAL_TIMEx_ConfigBreakDeadTime
                0x080042ec       0xa4 ./Drivers/STM32F4xx_HAL_Driver/Src/stm32f4xx_hal_tim_ex.o
                0x080042ec                HAL_TIMEx_ConfigBreakDeadTime
 .text.USB_CoreInit
                0x08004390       0xc8 ./Drivers/STM32F4xx_HAL_Driver/Src/stm32f4xx_ll_usb.o
                0x08004390                USB_CoreInit
 .text.USB_SetTurnaroundTime
                0x08004458      0x144 ./Drivers/STM32F4xx_HAL_Driver/Src/stm32f4xx_ll_usb.o
                0x08004458                USB_SetTurnaroundTime
 .text.USB_EnableGlobalInt
                0x0800459c       0x22 ./Drivers/STM32F4xx_HAL_Driver/Src/stm32f4xx_ll_usb.o
                0x0800459c                USB_EnableGlobalInt
 .text.USB_DisableGlobalInt
                0x080045be       0x22 ./Drivers/STM32F4xx_HAL_Driver/Src/stm32f4xx_ll_usb.o
                0x080045be                USB_DisableGlobalInt
 .text.USB_SetCurrentMode
                0x080045e0       0x98 ./Drivers/STM32F4xx_HAL_Driver/Src/stm32f4xx_ll_usb.o
                0x080045e0                USB_SetCurrentMode
 .text.USB_DevInit
                0x08004678      0x2c8 ./Drivers/STM32F4xx_HAL_Driver/Src/stm32f4xx_ll_usb.o
                0x08004678                USB_DevInit
 .text.USB_FlushTxFifo
                0x08004940       0x64 ./Drivers/STM32F4xx_HAL_Driver/Src/stm32f4xx_ll_usb.o
                0x08004940                USB_FlushTxFifo
 .text.USB_FlushRxFifo
                0x080049a4       0x5c ./Drivers/STM32F4xx_HAL_Driver/Src/stm32f4xx_ll_usb.o
                0x080049a4                USB_FlushRxFifo
 .text.USB_SetDevSpeed
                0x08004a00       0x32 ./Drivers/STM32F4xx_HAL_Driver/Src/stm32f4xx_ll_usb.o
                0x08004a00                USB_SetDevSpeed
 .text.USB_GetDevSpeed
                0x08004a32       0x4a ./Drivers/STM32F4xx_HAL_Driver/Src/stm32f4xx_ll_usb.o
                0x08004a32                USB_GetDevSpeed
 .text.USB_ActivateEndpoint
                0x08004a7c      0x10e ./Drivers/STM32F4xx_HAL_Driver/Src/stm32f4xx_ll_usb.o
                0x08004a7c                USB_ActivateEndpoint
 *fill*         0x08004b8a        0x2 
 .text.USB_DeactivateEndpoint
                0x08004b8c      0x1b8 ./Drivers/STM32F4xx_HAL_Driver/Src/stm32f4xx_ll_usb.o
                0x08004b8c                USB_DeactivateEndpoint
 .text.USB_EPStartXfer
                0x08004d44      0x53c ./Drivers/STM32F4xx_HAL_Driver/Src/stm32f4xx_ll_usb.o
                0x08004d44                USB_EPStartXfer
 .text.USB_EPStopXfer
                0x08005280      0x154 ./Drivers/STM32F4xx_HAL_Driver/Src/stm32f4xx_ll_usb.o
                0x08005280                USB_EPStopXfer
 .text.USB_WritePacket
                0x080053d4       0x7c ./Drivers/STM32F4xx_HAL_Driver/Src/stm32f4xx_ll_usb.o
                0x080053d4                USB_WritePacket
 .text.USB_ReadPacket
                0x08005450       0xb0 ./Drivers/STM32F4xx_HAL_Driver/Src/stm32f4xx_ll_usb.o
                0x08005450                USB_ReadPacket
 .text.USB_EPSetStall
                0x08005500       0xdc ./Drivers/STM32F4xx_HAL_Driver/Src/stm32f4xx_ll_usb.o
                0x08005500                USB_EPSetStall
 .text.USB_EPClearStall
                0x080055dc       0xcc ./Drivers/STM32F4xx_HAL_Driver/Src/stm32f4xx_ll_usb.o
                0x080055dc                USB_EPClearStall
 .text.USB_SetDevAddress
                0x080056a8       0x4c ./Drivers/STM32F4xx_HAL_Driver/Src/stm32f4xx_ll_usb.o
                0x080056a8                USB_SetDevAddress
 .text.USB_DevConnect
                0x080056f4       0x42 ./Drivers/STM32F4xx_HAL_Driver/Src/stm32f4xx_ll_usb.o
                0x080056f4                USB_DevConnect
 .text.USB_DevDisconnect
                0x08005736       0x42 ./Drivers/STM32F4xx_HAL_Driver/Src/stm32f4xx_ll_usb.o
                0x08005736                USB_DevDisconnect
 .text.USB_ReadInterrupts
                0x08005778       0x26 ./Drivers/STM32F4xx_HAL_Driver/Src/stm32f4xx_ll_usb.o
                0x08005778                USB_ReadInterrupts
 .text.USB_ReadDevAllOutEpInterrupt
                0x0800579e       0x34 ./Drivers/STM32F4xx_HAL_Driver/Src/stm32f4xx_ll_usb.o
                0x0800579e                USB_ReadDevAllOutEpInterrupt
 .text.USB_ReadDevAllInEpInterrupt
                0x080057d2       0x34 ./Drivers/STM32F4xx_HAL_Driver/Src/stm32f4xx_ll_usb.o
                0x080057d2                USB_ReadDevAllInEpInterrupt
 .text.USB_ReadDevOutEPInterrupt
                0x08005806       0x3c ./Drivers/STM32F4xx_HAL_Driver/Src/stm32f4xx_ll_usb.o
                0x08005806                USB_ReadDevOutEPInterrupt
 .text.USB_ReadDevInEPInterrupt
                0x08005842       0x5c ./Drivers/STM32F4xx_HAL_Driver/Src/stm32f4xx_ll_usb.o
                0x08005842                USB_ReadDevInEPInterrupt
 .text.USB_GetMode
                0x0800589e       0x1c ./Drivers/STM32F4xx_HAL_Driver/Src/stm32f4xx_ll_usb.o
                0x0800589e                USB_GetMode
 .text.USB_ActivateSetup
                0x080058ba       0x46 ./Drivers/STM32F4xx_HAL_Driver/Src/stm32f4xx_ll_usb.o
                0x080058ba                USB_ActivateSetup
 .text.USB_EP0_OutStart
                0x08005900       0xbc ./Drivers/STM32F4xx_HAL_Driver/Src/stm32f4xx_ll_usb.o
                0x08005900                USB_EP0_OutStart
 .text.USB_CoreReset
                0x080059bc       0x70 ./Drivers/STM32F4xx_HAL_Driver/Src/stm32f4xx_ll_usb.o
 .text.USBD_CDC_Init
                0x08005a2c      0x1f0 ./Middlewares/ST/STM32_USB_Device_Library/Class/CDC/Src/usbd_cdc.o
 .text.USBD_CDC_DeInit
                0x08005c1c      0x104 ./Middlewares/ST/STM32_USB_Device_Library/Class/CDC/Src/usbd_cdc.o
 .text.USBD_CDC_Setup
                0x08005d20      0x1b8 ./Middlewares/ST/STM32_USB_Device_Library/Class/CDC/Src/usbd_cdc.o
 .text.USBD_CDC_DataIn
                0x08005ed8       0xfe ./Middlewares/ST/STM32_USB_Device_Library/Class/CDC/Src/usbd_cdc.o
 .text.USBD_CDC_DataOut
                0x08005fd6       0x70 ./Middlewares/ST/STM32_USB_Device_Library/Class/CDC/Src/usbd_cdc.o
 .text.USBD_CDC_EP0_RxReady
                0x08006046       0x74 ./Middlewares/ST/STM32_USB_Device_Library/Class/CDC/Src/usbd_cdc.o
 *fill*         0x080060ba        0x2 
 .text.USBD_CDC_GetFSCfgDesc
                0x080060bc       0x70 ./Middlewares/ST/STM32_USB_Device_Library/Class/CDC/Src/usbd_cdc.o
 .text.USBD_CDC_GetHSCfgDesc
                0x0800612c       0x70 ./Middlewares/ST/STM32_USB_Device_Library/Class/CDC/Src/usbd_cdc.o
 .text.USBD_CDC_GetOtherSpeedCfgDesc
                0x0800619c       0x70 ./Middlewares/ST/STM32_USB_Device_Library/Class/CDC/Src/usbd_cdc.o
 .text.USBD_CDC_GetDeviceQualifierDescriptor
                0x0800620c       0x20 ./Middlewares/ST/STM32_USB_Device_Library/Class/CDC/Src/usbd_cdc.o
                0x0800620c                USBD_CDC_GetDeviceQualifierDescriptor
 .text.USBD_CDC_RegisterInterface
                0x0800622c       0x34 ./Middlewares/ST/STM32_USB_Device_Library/Class/CDC/Src/usbd_cdc.o
                0x0800622c                USBD_CDC_RegisterInterface
 .text.USBD_CDC_SetTxBuffer
                0x08006260       0x44 ./Middlewares/ST/STM32_USB_Device_Library/Class/CDC/Src/usbd_cdc.o
                0x08006260                USBD_CDC_SetTxBuffer
 .text.USBD_CDC_SetRxBuffer
                0x080062a4       0x3a ./Middlewares/ST/STM32_USB_Device_Library/Class/CDC/Src/usbd_cdc.o
                0x080062a4                USBD_CDC_SetRxBuffer
 *fill*         0x080062de        0x2 
 .text.USBD_CDC_ReceivePacket
                0x080062e0       0x6c ./Middlewares/ST/STM32_USB_Device_Library/Class/CDC/Src/usbd_cdc.o
                0x080062e0                USBD_CDC_ReceivePacket
 .text.USBD_Init
                0x0800634c       0x60 ./Middlewares/ST/STM32_USB_Device_Library/Core/Src/usbd_core.o
                0x0800634c                USBD_Init
 .text.USBD_RegisterClass
                0x080063ac       0x6c ./Middlewares/ST/STM32_USB_Device_Library/Core/Src/usbd_core.o
                0x080063ac                USBD_RegisterClass
 .text.USBD_Start
                0x08006418       0x18 ./Middlewares/ST/STM32_USB_Device_Library/Core/Src/usbd_core.o
                0x08006418                USBD_Start
 .text.USBD_RunTestMode
                0x08006430       0x16 ./Middlewares/ST/STM32_USB_Device_Library/Core/Src/usbd_core.o
                0x08006430                USBD_RunTestMode
 .text.USBD_SetClassConfig
                0x08006446       0x38 ./Middlewares/ST/STM32_USB_Device_Library/Core/Src/usbd_core.o
                0x08006446                USBD_SetClassConfig
 .text.USBD_ClrClassConfig
                0x0800647e       0x34 ./Middlewares/ST/STM32_USB_Device_Library/Core/Src/usbd_core.o
                0x0800647e                USBD_ClrClassConfig
 .text.USBD_LL_SetupStage
                0x080064b2       0xaa ./Middlewares/ST/STM32_USB_Device_Library/Core/Src/usbd_core.o
                0x080064b2                USBD_LL_SetupStage
 .text.USBD_LL_DataOutStage
                0x0800655c      0x178 ./Middlewares/ST/STM32_USB_Device_Library/Core/Src/usbd_core.o
                0x0800655c                USBD_LL_DataOutStage
 .text.USBD_LL_DataInStage
                0x080066d4      0x176 ./Middlewares/ST/STM32_USB_Device_Library/Core/Src/usbd_core.o
                0x080066d4                USBD_LL_DataInStage
 .text.USBD_LL_Reset
                0x0800684a       0xa6 ./Middlewares/ST/STM32_USB_Device_Library/Core/Src/usbd_core.o
                0x0800684a                USBD_LL_Reset
 .text.USBD_LL_SetSpeed
                0x080068f0       0x20 ./Middlewares/ST/STM32_USB_Device_Library/Core/Src/usbd_core.o
                0x080068f0                USBD_LL_SetSpeed
 .text.USBD_LL_Suspend
                0x08006910       0x38 ./Middlewares/ST/STM32_USB_Device_Library/Core/Src/usbd_core.o
                0x08006910                USBD_LL_Suspend
 .text.USBD_LL_Resume
                0x08006948       0x30 ./Middlewares/ST/STM32_USB_Device_Library/Core/Src/usbd_core.o
                0x08006948                USBD_LL_Resume
 .text.USBD_LL_SOF
                0x08006978       0x40 ./Middlewares/ST/STM32_USB_Device_Library/Core/Src/usbd_core.o
                0x08006978                USBD_LL_SOF
 .text.USBD_LL_IsoINIncomplete
                0x080069b8       0x64 ./Middlewares/ST/STM32_USB_Device_Library/Core/Src/usbd_core.o
                0x080069b8                USBD_LL_IsoINIncomplete
 .text.USBD_LL_IsoOUTIncomplete
                0x08006a1c       0x64 ./Middlewares/ST/STM32_USB_Device_Library/Core/Src/usbd_core.o
                0x08006a1c                USBD_LL_IsoOUTIncomplete
 .text.USBD_LL_DevConnected
                0x08006a80       0x16 ./Middlewares/ST/STM32_USB_Device_Library/Core/Src/usbd_core.o
                0x08006a80                USBD_LL_DevConnected
 .text.USBD_LL_DevDisconnected
                0x08006a96       0x46 ./Middlewares/ST/STM32_USB_Device_Library/Core/Src/usbd_core.o
                0x08006a96                USBD_LL_DevDisconnected
 .text.USBD_CoreFindIF
                0x08006adc       0x1a ./Middlewares/ST/STM32_USB_Device_Library/Core/Src/usbd_core.o
                0x08006adc                USBD_CoreFindIF
 .text.USBD_CoreFindEP
                0x08006af6       0x1a ./Middlewares/ST/STM32_USB_Device_Library/Core/Src/usbd_core.o
                0x08006af6                USBD_CoreFindEP
 .text.USBD_GetEpDesc
                0x08006b10       0x70 ./Middlewares/ST/STM32_USB_Device_Library/Core/Src/usbd_core.o
                0x08006b10                USBD_GetEpDesc
 .text.USBD_GetNextDesc
                0x08006b80       0x38 ./Middlewares/ST/STM32_USB_Device_Library/Core/Src/usbd_core.o
                0x08006b80                USBD_GetNextDesc
 .text.SWAPBYTE
                0x08006bb8       0x3e ./Middlewares/ST/STM32_USB_Device_Library/Core/Src/usbd_ctlreq.o
 *fill*         0x08006bf6        0x2 
 .text.USBD_StdDevReq
                0x08006bf8       0xe4 ./Middlewares/ST/STM32_USB_Device_Library/Core/Src/usbd_ctlreq.o
                0x08006bf8                USBD_StdDevReq
 .text.USBD_StdItfReq
                0x08006cdc       0xd8 ./Middlewares/ST/STM32_USB_Device_Library/Core/Src/usbd_ctlreq.o
                0x08006cdc                USBD_StdItfReq
 .text.USBD_StdEPReq
                0x08006db4      0x33e ./Middlewares/ST/STM32_USB_Device_Library/Core/Src/usbd_ctlreq.o
                0x08006db4                USBD_StdEPReq
 *fill*         0x080070f2        0x2 
 .text.USBD_GetDescriptor
                0x080070f4      0x2d4 ./Middlewares/ST/STM32_USB_Device_Library/Core/Src/usbd_ctlreq.o
 .text.USBD_SetAddress
                0x080073c8       0x88 ./Middlewares/ST/STM32_USB_Device_Library/Core/Src/usbd_ctlreq.o
 .text.USBD_SetConfig
                0x08007450      0x154 ./Middlewares/ST/STM32_USB_Device_Library/Core/Src/usbd_ctlreq.o
 .text.USBD_GetConfig
                0x080075a4       0x6c ./Middlewares/ST/STM32_USB_Device_Library/Core/Src/usbd_ctlreq.o
 .text.USBD_GetStatus
                0x08007610       0x68 ./Middlewares/ST/STM32_USB_Device_Library/Core/Src/usbd_ctlreq.o
 .text.USBD_SetFeature
                0x08007678       0x52 ./Middlewares/ST/STM32_USB_Device_Library/Core/Src/usbd_ctlreq.o
 .text.USBD_ClrFeature
                0x080076ca       0x44 ./Middlewares/ST/STM32_USB_Device_Library/Core/Src/usbd_ctlreq.o
 .text.USBD_ParseSetupRequest
                0x0800770e       0x74 ./Middlewares/ST/STM32_USB_Device_Library/Core/Src/usbd_ctlreq.o
                0x0800770e                USBD_ParseSetupRequest
 .text.USBD_CtlError
                0x08007782       0x22 ./Middlewares/ST/STM32_USB_Device_Library/Core/Src/usbd_ctlreq.o
                0x08007782                USBD_CtlError
 .text.USBD_GetString
                0x080077a4       0xa4 ./Middlewares/ST/STM32_USB_Device_Library/Core/Src/usbd_ctlreq.o
                0x080077a4                USBD_GetString
 .text.USBD_GetLen
                0x08007848       0x34 ./Middlewares/ST/STM32_USB_Device_Library/Core/Src/usbd_ctlreq.o
 .text.USBD_CtlSendData
                0x0800787c       0x3c ./Middlewares/ST/STM32_USB_Device_Library/Core/Src/usbd_ioreq.o
                0x0800787c                USBD_CtlSendData
 .text.USBD_CtlContinueSendData
                0x080078b8       0x22 ./Middlewares/ST/STM32_USB_Device_Library/Core/Src/usbd_ioreq.o
                0x080078b8                USBD_CtlContinueSendData
 .text.USBD_CtlPrepareRx
                0x080078da       0x42 ./Middlewares/ST/STM32_USB_Device_Library/Core/Src/usbd_ioreq.o
                0x080078da                USBD_CtlPrepareRx
 .text.USBD_CtlContinueRx
                0x0800791c       0x22 ./Middlewares/ST/STM32_USB_Device_Library/Core/Src/usbd_ioreq.o
                0x0800791c                USBD_CtlContinueRx
 .text.USBD_CtlSendStatus
                0x0800793e       0x26 ./Middlewares/ST/STM32_USB_Device_Library/Core/Src/usbd_ioreq.o
                0x0800793e                USBD_CtlSendStatus
 .text.USBD_CtlReceiveStatus
                0x08007964       0x26 ./Middlewares/ST/STM32_USB_Device_Library/Core/Src/usbd_ioreq.o
                0x08007964                USBD_CtlReceiveStatus
 *fill*         0x0800798a        0x2 
 .text.MX_USB_DEVICE_Init
                0x0800798c       0x60 ./USB_DEVICE/App/usb_device.o
                0x0800798c                MX_USB_DEVICE_Init
 .text.CDC_Init_FS
                0x080079ec       0x28 ./USB_DEVICE/App/usbd_cdc_if.o
 .text.CDC_DeInit_FS
                0x08007a14       0x10 ./USB_DEVICE/App/usbd_cdc_if.o
 .text.CDC_Control_FS
                0x08007a24       0xbc ./USB_DEVICE/App/usbd_cdc_if.o
 .text.CDC_Receive_FS
                0x08007ae0       0x28 ./USB_DEVICE/App/usbd_cdc_if.o
 .text.CDC_TransmitCplt_FS
                0x08007b08       0x22 ./USB_DEVICE/App/usbd_cdc_if.o
 *fill*         0x08007b2a        0x2 
 .text.USBD_FS_DeviceDescriptor
                0x08007b2c       0x24 ./USB_DEVICE/App/usbd_desc.o
                0x08007b2c                USBD_FS_DeviceDescriptor
 .text.USBD_FS_LangIDStrDescriptor
                0x08007b50       0x24 ./USB_DEVICE/App/usbd_desc.o
                0x08007b50                USBD_FS_LangIDStrDescriptor
 .text.USBD_FS_ProductStrDescriptor
                0x08007b74       0x3c ./USB_DEVICE/App/usbd_desc.o
                0x08007b74                USBD_FS_ProductStrDescriptor
 .text.USBD_FS_ManufacturerStrDescriptor
                0x08007bb0       0x28 ./USB_DEVICE/App/usbd_desc.o
                0x08007bb0                USBD_FS_ManufacturerStrDescriptor
 .text.USBD_FS_SerialStrDescriptor
                0x08007bd8       0x24 ./USB_DEVICE/App/usbd_desc.o
                0x08007bd8                USBD_FS_SerialStrDescriptor
 .text.USBD_FS_ConfigStrDescriptor
                0x08007bfc       0x3c ./USB_DEVICE/App/usbd_desc.o
                0x08007bfc                USBD_FS_ConfigStrDescriptor
 .text.USBD_FS_InterfaceStrDescriptor
                0x08007c38       0x3c ./USB_DEVICE/App/usbd_desc.o
                0x08007c38                USBD_FS_InterfaceStrDescriptor
 .text.Get_SerialNum
                0x08007c74       0x58 ./USB_DEVICE/App/usbd_desc.o
 .text.IntToUnicode
                0x08007ccc       0x7e ./USB_DEVICE/App/usbd_desc.o
 *fill*         0x08007d4a        0x2 
 .text.HAL_PCD_MspInit
                0x08007d4c       0xa8 ./USB_DEVICE/Target/usbd_conf.o
                0x08007d4c                HAL_PCD_MspInit
 .text.HAL_PCD_SetupStageCallback
                0x08007df4       0x24 ./USB_DEVICE/Target/usbd_conf.o
                0x08007df4                HAL_PCD_SetupStageCallback
 .text.HAL_PCD_DataOutStageCallback
                0x08007e18       0x36 ./USB_DEVICE/Target/usbd_conf.o
                0x08007e18                HAL_PCD_DataOutStageCallback
 .text.HAL_PCD_DataInStageCallback
                0x08007e4e       0x34 ./USB_DEVICE/Target/usbd_conf.o
                0x08007e4e                HAL_PCD_DataInStageCallback
 .text.HAL_PCD_SOFCallback
                0x08007e82       0x1c ./USB_DEVICE/Target/usbd_conf.o
                0x08007e82                HAL_PCD_SOFCallback
 .text.HAL_PCD_ResetCallback
                0x08007e9e       0x3c ./USB_DEVICE/Target/usbd_conf.o
                0x08007e9e                HAL_PCD_ResetCallback
 *fill*         0x08007eda        0x2 
 .text.HAL_PCD_SuspendCallback
                0x08007edc       0x4c ./USB_DEVICE/Target/usbd_conf.o
                0x08007edc                HAL_PCD_SuspendCallback
 .text.HAL_PCD_ResumeCallback
                0x08007f28       0x1c ./USB_DEVICE/Target/usbd_conf.o
                0x08007f28                HAL_PCD_ResumeCallback
 .text.HAL_PCD_ISOOUTIncompleteCallback
                0x08007f44       0x24 ./USB_DEVICE/Target/usbd_conf.o
                0x08007f44                HAL_PCD_ISOOUTIncompleteCallback
 .text.HAL_PCD_ISOINIncompleteCallback
                0x08007f68       0x24 ./USB_DEVICE/Target/usbd_conf.o
                0x08007f68                HAL_PCD_ISOINIncompleteCallback
 .text.HAL_PCD_ConnectCallback
                0x08007f8c       0x1c ./USB_DEVICE/Target/usbd_conf.o
                0x08007f8c                HAL_PCD_ConnectCallback
 .text.HAL_PCD_DisconnectCallback
                0x08007fa8       0x1c ./USB_DEVICE/Target/usbd_conf.o
                0x08007fa8                HAL_PCD_DisconnectCallback
 .text.USBD_LL_Init
                0x08007fc4       0x98 ./USB_DEVICE/Target/usbd_conf.o
                0x08007fc4                USBD_LL_Init
 .text.USBD_LL_Start
                0x0800805c       0x36 ./USB_DEVICE/Target/usbd_conf.o
                0x0800805c                USBD_LL_Start
 .text.USBD_LL_OpenEP
                0x08008092       0x4c ./USB_DEVICE/Target/usbd_conf.o
                0x08008092                USBD_LL_OpenEP
 .text.USBD_LL_CloseEP
                0x080080de       0x3e ./USB_DEVICE/Target/usbd_conf.o
                0x080080de                USBD_LL_CloseEP
 .text.USBD_LL_StallEP
                0x0800811c       0x3e ./USB_DEVICE/Target/usbd_conf.o
                0x0800811c                USBD_LL_StallEP
 .text.USBD_LL_ClearStallEP
                0x0800815a       0x3e ./USB_DEVICE/Target/usbd_conf.o
                0x0800815a                USBD_LL_ClearStallEP
 .text.USBD_LL_IsStallEP
                0x08008198       0x58 ./USB_DEVICE/Target/usbd_conf.o
                0x08008198                USBD_LL_IsStallEP
 .text.USBD_LL_SetUSBAddress
                0x080081f0       0x3e ./USB_DEVICE/Target/usbd_conf.o
                0x080081f0                USBD_LL_SetUSBAddress
 .text.USBD_LL_Transmit
                0x0800822e       0x42 ./USB_DEVICE/Target/usbd_conf.o
                0x0800822e                USBD_LL_Transmit
 .text.USBD_LL_PrepareReceive
                0x08008270       0x42 ./USB_DEVICE/Target/usbd_conf.o
                0x08008270                USBD_LL_PrepareReceive
 .text.USBD_LL_GetRxDataSize
                0x080082b2       0x26 ./USB_DEVICE/Target/usbd_conf.o
                0x080082b2                USBD_LL_GetRxDataSize
 .text.USBD_static_malloc
                0x080082d8       0x1c ./USB_DEVICE/Target/usbd_conf.o
                0x080082d8                USBD_static_malloc
 .text.USBD_static_free
                0x080082f4       0x14 ./USB_DEVICE/Target/usbd_conf.o
                0x080082f4                USBD_static_free
 .text.USBD_Get_USB_Status
                0x08008308       0x58 ./USB_DEVICE/Target/usbd_conf.o
                0x08008308                USBD_Get_USB_Status
 .text.memset   0x08008360       0x10 C:/ST/STM32CubeIDE_1.19.0/STM32CubeIDE/plugins/com.st.stm32cube.ide.mcu.externaltools.gnu-tools-for-stm32.13.3.rel1.win32_1.0.0.202411081344/tools/bin/../lib/gcc/arm-none-eabi/13.3.1/../../../../arm-none-eabi/lib/thumb/v7e-m+fp/hard\libc_nano.a(libc_a-memset.o)
                0x08008360                memset
 .text.__libc_init_array
                0x08008370       0x48 C:/ST/STM32CubeIDE_1.19.0/STM32CubeIDE/plugins/com.st.stm32cube.ide.mcu.externaltools.gnu-tools-for-stm32.13.3.rel1.win32_1.0.0.202411081344/tools/bin/../lib/gcc/arm-none-eabi/13.3.1/../../../../arm-none-eabi/lib/thumb/v7e-m+fp/hard\libc_nano.a(libc_a-init.o)
                0x08008370                __libc_init_array
 *(.glue_7)
 .glue_7        0x080083b8        0x0 linker stubs
 *(.glue_7t)
 .glue_7t       0x080083b8        0x0 linker stubs
 *(.eh_frame)
 .eh_frame      0x080083b8        0x0 C:/ST/STM32CubeIDE_1.19.0/STM32CubeIDE/plugins/com.st.stm32cube.ide.mcu.externaltools.gnu-tools-for-stm32.13.3.rel1.win32_1.0.0.202411081344/tools/bin/../lib/gcc/arm-none-eabi/13.3.1/thumb/v7e-m+fp/hard/crtbegin.o
 *(.init)
 .init          0x080083b8        0x4 C:/ST/STM32CubeIDE_1.19.0/STM32CubeIDE/plugins/com.st.stm32cube.ide.mcu.externaltools.gnu-tools-for-stm32.13.3.rel1.win32_1.0.0.202411081344/tools/bin/../lib/gcc/arm-none-eabi/13.3.1/thumb/v7e-m+fp/hard/crti.o
                0x080083b8                _init
 .init          0x080083bc        0x8 C:/ST/STM32CubeIDE_1.19.0/STM32CubeIDE/plugins/com.st.stm32cube.ide.mcu.externaltools.gnu-tools-for-stm32.13.3.rel1.win32_1.0.0.202411081344/tools/bin/../lib/gcc/arm-none-eabi/13.3.1/thumb/v7e-m+fp/hard/crtn.o
 *(.fini)
 .fini          0x080083c4        0x4 C:/ST/STM32CubeIDE_1.19.0/STM32CubeIDE/plugins/com.st.stm32cube.ide.mcu.externaltools.gnu-tools-for-stm32.13.3.rel1.win32_1.0.0.202411081344/tools/bin/../lib/gcc/arm-none-eabi/13.3.1/thumb/v7e-m+fp/hard/crti.o
                0x080083c4                _fini
 .fini          0x080083c8        0x8 C:/ST/STM32CubeIDE_1.19.0/STM32CubeIDE/plugins/com.st.stm32cube.ide.mcu.externaltools.gnu-tools-for-stm32.13.3.rel1.win32_1.0.0.202411081344/tools/bin/../lib/gcc/arm-none-eabi/13.3.1/thumb/v7e-m+fp/hard/crtn.o
                0x080083d0                        . = ALIGN (0x4)
                0x080083d0                        _etext = .

.vfp11_veneer   0x080083d0        0x0
 .vfp11_veneer  0x080083d0        0x0 linker stubs

.v4_bx          0x080083d0        0x0
 .v4_bx         0x080083d0        0x0 linker stubs

.iplt           0x080083d0        0x0
 .iplt          0x080083d0        0x0 C:/ST/STM32CubeIDE_1.19.0/STM32CubeIDE/plugins/com.st.stm32cube.ide.mcu.externaltools.gnu-tools-for-stm32.13.3.rel1.win32_1.0.0.202411081344/tools/bin/../lib/gcc/arm-none-eabi/13.3.1/thumb/v7e-m+fp/hard/crtbegin.o

.rodata         0x080083d0       0x58
                0x080083d0                        . = ALIGN (0x4)
 *(.rodata)
 .rodata        0x080083d0       0x46 ./USB_DEVICE/App/usbd_desc.o
 *(.rodata*)
 *fill*         0x08008416        0x2 
 .rodata.AHBPrescTable
                0x08008418       0x10 ./Core/Src/system_stm32f4xx.o
                0x08008418                AHBPrescTable
                0x08008428                        . = ALIGN (0x4)

.ARM.extab      0x08008428        0x0
                0x08008428                        . = ALIGN (0x4)
 *(.ARM.extab* .gnu.linkonce.armextab.*)
                0x08008428                        . = ALIGN (0x4)

.ARM            0x08008428        0x8
                0x08008428                        . = ALIGN (0x4)
                0x08008428                        __exidx_start = .
 *(.ARM.exidx*)
 .ARM.exidx     0x08008428        0x8 C:/ST/STM32CubeIDE_1.19.0/STM32CubeIDE/plugins/com.st.stm32cube.ide.mcu.externaltools.gnu-tools-for-stm32.13.3.rel1.win32_1.0.0.202411081344/tools/bin/../lib/gcc/arm-none-eabi/13.3.1/thumb/v7e-m+fp/hard\libgcc.a(_udivmoddi4.o)
                0x08008430                        __exidx_end = .
                0x08008430                        . = ALIGN (0x4)

.preinit_array  0x08008430        0x0
                0x08008430                        . = ALIGN (0x4)
                0x08008430                        PROVIDE (__preinit_array_start = .)
 *(.preinit_array*)
                0x08008430                        PROVIDE (__preinit_array_end = .)
                0x08008430                        . = ALIGN (0x4)

.init_array     0x08008430        0x4
                0x08008430                        . = ALIGN (0x4)
                0x08008430                        PROVIDE (__init_array_start = .)
 *(SORT_BY_NAME(.init_array.*))
 *(.init_array*)
 .init_array    0x08008430        0x4 C:/ST/STM32CubeIDE_1.19.0/STM32CubeIDE/plugins/com.st.stm32cube.ide.mcu.externaltools.gnu-tools-for-stm32.13.3.rel1.win32_1.0.0.202411081344/tools/bin/../lib/gcc/arm-none-eabi/13.3.1/thumb/v7e-m+fp/hard/crtbegin.o
                0x08008434                        PROVIDE (__init_array_end = .)
                0x08008434                        . = ALIGN (0x4)

.fini_array     0x08008434        0x4
                0x08008434                        . = ALIGN (0x4)
                [!provide]                        PROVIDE (__fini_array_start = .)
 *(SORT_BY_NAME(.fini_array.*))
 *(.fini_array*)
 .fini_array    0x08008434        0x4 C:/ST/STM32CubeIDE_1.19.0/STM32CubeIDE/plugins/com.st.stm32cube.ide.mcu.externaltools.gnu-tools-for-stm32.13.3.rel1.win32_1.0.0.202411081344/tools/bin/../lib/gcc/arm-none-eabi/13.3.1/thumb/v7e-m+fp/hard/crtbegin.o
                [!provide]                        PROVIDE (__fini_array_end = .)
                0x08008438                        . = ALIGN (0x4)
                0x08008438                        _sidata = LOADADDR (.data)

.rel.dyn        0x08008438        0x0
 .rel.iplt      0x08008438        0x0 C:/ST/STM32CubeIDE_1.19.0/STM32CubeIDE/plugins/com.st.stm32cube.ide.mcu.externaltools.gnu-tools-for-stm32.13.3.rel1.win32_1.0.0.202411081344/tools/bin/../lib/gcc/arm-none-eabi/13.3.1/thumb/v7e-m+fp/hard/crtbegin.o

.data           0x20000000       0xfc load address 0x08008438
                0x20000000                        . = ALIGN (0x4)
                0x20000000                        _sdata = .
 *(.data)
 *(.data*)
 .data.SystemCoreClock
                0x20000000        0x4 ./Core/Src/system_stm32f4xx.o
                0x20000000                SystemCoreClock
 .data.uwTickPrio
                0x20000004        0x4 ./Drivers/STM32F4xx_HAL_Driver/Src/stm32f4xx_hal.o
                0x20000004                uwTickPrio
 .data.uwTickFreq
                0x20000008        0x1 ./Drivers/STM32F4xx_HAL_Driver/Src/stm32f4xx_hal.o
                0x20000008                uwTickFreq
 *fill*         0x20000009        0x3 
 .data.USBD_CDC_DeviceQualifierDesc
                0x2000000c        0xa ./Middlewares/ST/STM32_USB_Device_Library/Class/CDC/Src/usbd_cdc.o
 *fill*         0x20000016        0x2 
 .data.USBD_CDC
                0x20000018       0x38 ./Middlewares/ST/STM32_USB_Device_Library/Class/CDC/Src/usbd_cdc.o
                0x20000018                USBD_CDC
 .data.USBD_CDC_CfgDesc
                0x20000050       0x43 ./Middlewares/ST/STM32_USB_Device_Library/Class/CDC/Src/usbd_cdc.o
 .data.CDCInEpAdd
                0x20000093        0x1 ./Middlewares/ST/STM32_USB_Device_Library/Class/CDC/Src/usbd_cdc.o
 .data.CDCOutEpAdd
                0x20000094        0x1 ./Middlewares/ST/STM32_USB_Device_Library/Class/CDC/Src/usbd_cdc.o
 .data.CDCCmdEpAdd
                0x20000095        0x1 ./Middlewares/ST/STM32_USB_Device_Library/Class/CDC/Src/usbd_cdc.o
 *fill*         0x20000096        0x2 
 .data.USBD_Interface_fops_FS
                0x20000098       0x14 ./USB_DEVICE/App/usbd_cdc_if.o
                0x20000098                USBD_Interface_fops_FS
 .data.FS_Desc  0x200000ac       0x1c ./USB_DEVICE/App/usbd_desc.o
                0x200000ac                FS_Desc
 .data.USBD_FS_DeviceDesc
                0x200000c8       0x12 ./USB_DEVICE/App/usbd_desc.o
                0x200000c8                USBD_FS_DeviceDesc
 *fill*         0x200000da        0x2 
 .data.USBD_LangIDDesc
                0x200000dc        0x4 ./USB_DEVICE/App/usbd_desc.o
                0x200000dc                USBD_LangIDDesc
 .data.USBD_StringSerial
                0x200000e0       0x1a ./USB_DEVICE/App/usbd_desc.o
                0x200000e0                USBD_StringSerial
 *(.RamFunc)
 *(.RamFunc*)
                0x200000fc                        . = ALIGN (0x4)
 *fill*         0x200000fa        0x2 
                0x200000fc                        _edata = .

.igot.plt       0x200000fc        0x0 load address 0x08008534
 .igot.plt      0x200000fc        0x0 C:/ST/STM32CubeIDE_1.19.0/STM32CubeIDE/plugins/com.st.stm32cube.ide.mcu.externaltools.gnu-tools-for-stm32.13.3.rel1.win32_1.0.0.202411081344/tools/bin/../lib/gcc/arm-none-eabi/13.3.1/thumb/v7e-m+fp/hard/crtbegin.o
                0x200000fc                        . = ALIGN (0x4)

.bss            0x200000fc     0x1d24 load address 0x08008534
                0x200000fc                        _sbss = .
                0x200000fc                        __bss_start__ = _sbss
 *(.bss)
 .bss           0x200000fc       0x1c C:/ST/STM32CubeIDE_1.19.0/STM32CubeIDE/plugins/com.st.stm32cube.ide.mcu.externaltools.gnu-tools-for-stm32.13.3.rel1.win32_1.0.0.202411081344/tools/bin/../lib/gcc/arm-none-eabi/13.3.1/thumb/v7e-m+fp/hard/crtbegin.o
 *(.bss*)
 .bss.hadc1     0x20000118       0x48 ./Core/Src/main.o
                0x20000118                hadc1
 .bss.htim1     0x20000160       0x48 ./Core/Src/main.o
                0x20000160                htim1
 .bss.htim2     0x200001a8       0x48 ./Core/Src/main.o
                0x200001a8                htim2
 .bss.htim3     0x200001f0       0x48 ./Core/Src/main.o
                0x200001f0                htim3
 .bss.uwTick    0x20000238        0x4 ./Drivers/STM32F4xx_HAL_Driver/Src/stm32f4xx_hal.o
                0x20000238                uwTick
 .bss.cfgidx.0  0x2000023c        0x1 ./Middlewares/ST/STM32_USB_Device_Library/Core/Src/usbd_ctlreq.o
 *fill*         0x2000023d        0x3 
 .bss.hUsbDeviceFS
                0x20000240      0x2dc ./USB_DEVICE/App/usb_device.o
                0x20000240                hUsbDeviceFS
 .bss.UserRxBufferFS
                0x2000051c      0x800 ./USB_DEVICE/App/usbd_cdc_if.o
                0x2000051c                UserRxBufferFS
 .bss.UserTxBufferFS
                0x20000d1c      0x800 ./USB_DEVICE/App/usbd_cdc_if.o
                0x20000d1c                UserTxBufferFS
 .bss.USBD_StrDesc
                0x2000151c      0x200 ./USB_DEVICE/App/usbd_desc.o
                0x2000151c                USBD_StrDesc
 .bss.hpcd_USB_OTG_FS
                0x2000171c      0x4e4 ./USB_DEVICE/Target/usbd_conf.o
                0x2000171c                hpcd_USB_OTG_FS
 .bss.mem.0     0x20001c00      0x220 ./USB_DEVICE/Target/usbd_conf.o
 *(COMMON)
                0x20001e20                        . = ALIGN (0x4)
                0x20001e20                        _ebss = .
                0x20001e20                        __bss_end__ = _ebss

._user_heap_stack
                0x20001e20      0x600 load address 0x08008534
                0x20001e20                        . = ALIGN (0x8)
                [!provide]                        PROVIDE (end = .)
                0x20001e20                        PROVIDE (_end = .)
                0x20002020                        . = (. + _Min_Heap_Size)
 *fill*         0x20001e20      0x200 
                0x20002420                        . = (. + _Min_Stack_Size)
 *fill*         0x20002020      0x400 
                0x20002420                        . = ALIGN (0x8)

/DISCARD/
 libc.a(*)
 libm.a(*)
 libgcc.a(*)

.ARM.attributes
                0x00000000       0x30
 *(.ARM.attributes)
 .ARM.attributes
                0x00000000       0x22 C:/ST/STM32CubeIDE_1.19.0/STM32CubeIDE/plugins/com.st.stm32cube.ide.mcu.externaltools.gnu-tools-for-stm32.13.3.rel1.win32_1.0.0.202411081344/tools/bin/../lib/gcc/arm-none-eabi/13.3.1/thumb/v7e-m+fp/hard/crti.o
 .ARM.attributes
                0x00000022       0x34 C:/ST/STM32CubeIDE_1.19.0/STM32CubeIDE/plugins/com.st.stm32cube.ide.mcu.externaltools.gnu-tools-for-stm32.13.3.rel1.win32_1.0.0.202411081344/tools/bin/../lib/gcc/arm-none-eabi/13.3.1/thumb/v7e-m+fp/hard/crtbegin.o
 .ARM.attributes
                0x00000056       0x34 ./Core/Src/main.o
 .ARM.attributes
                0x0000008a       0x34 ./Core/Src/stm32f4xx_hal_msp.o
 .ARM.attributes
                0x000000be       0x34 ./Core/Src/stm32f4xx_it.o
 .ARM.attributes
                0x000000f2       0x34 ./Core/Src/system_stm32f4xx.o
 .ARM.attributes
                0x00000126       0x21 ./Core/Startup/startup_stm32f411ceux.o
 .ARM.attributes
                0x00000147       0x34 ./Drivers/STM32F4xx_HAL_Driver/Src/stm32f4xx_hal.o
 .ARM.attributes
                0x0000017b       0x34 ./Drivers/STM32F4xx_HAL_Driver/Src/stm32f4xx_hal_adc.o
 .ARM.attributes
                0x000001af       0x34 ./Drivers/STM32F4xx_HAL_Driver/Src/stm32f4xx_hal_cortex.o
 .ARM.attributes
                0x000001e3       0x34 ./Drivers/STM32F4xx_HAL_Driver/Src/stm32f4xx_hal_gpio.o
 .ARM.attributes
                0x00000217       0x34 ./Drivers/STM32F4xx_HAL_Driver/Src/stm32f4xx_hal_pcd.o
 .ARM.attributes
                0x0000024b       0x34 ./Drivers/STM32F4xx_HAL_Driver/Src/stm32f4xx_hal_pcd_ex.o
 .ARM.attributes
                0x0000027f       0x34 ./Drivers/STM32F4xx_HAL_Driver/Src/stm32f4xx_hal_rcc.o
 .ARM.attributes
                0x000002b3       0x34 ./Drivers/STM32F4xx_HAL_Driver/Src/stm32f4xx_hal_tim.o
 .ARM.attributes
                0x000002e7       0x34 ./Drivers/STM32F4xx_HAL_Driver/Src/stm32f4xx_hal_tim_ex.o
 .ARM.attributes
                0x0000031b       0x34 ./Drivers/STM32F4xx_HAL_Driver/Src/stm32f4xx_ll_usb.o
 .ARM.attributes
                0x0000034f       0x34 ./Middlewares/ST/STM32_USB_Device_Library/Class/CDC/Src/usbd_cdc.o
 .ARM.attributes
                0x00000383       0x34 ./Middlewares/ST/STM32_USB_Device_Library/Core/Src/usbd_core.o
 .ARM.attributes
                0x000003b7       0x34 ./Middlewares/ST/STM32_USB_Device_Library/Core/Src/usbd_ctlreq.o
 .ARM.attributes
                0x000003eb       0x34 ./Middlewares/ST/STM32_USB_Device_Library/Core/Src/usbd_ioreq.o
 .ARM.attributes
                0x0000041f       0x34 ./USB_DEVICE/App/usb_device.o
 .ARM.attributes
                0x00000453       0x34 ./USB_DEVICE/App/usbd_cdc_if.o
 .ARM.attributes
                0x00000487       0x34 ./USB_DEVICE/App/usbd_desc.o
 .ARM.attributes
                0x000004bb       0x34 ./USB_DEVICE/Target/usbd_conf.o
 .ARM.attributes
                0x000004ef       0x34 C:/ST/STM32CubeIDE_1.19.0/STM32CubeIDE/plugins/com.st.stm32cube.ide.mcu.externaltools.gnu-tools-for-stm32.13.3.rel1.win32_1.0.0.202411081344/tools/bin/../lib/gcc/arm-none-eabi/13.3.1/../../../../arm-none-eabi/lib/thumb/v7e-m+fp/hard\libc_nano.a(libc_a-memset.o)
 .ARM.attributes
                0x00000523       0x34 C:/ST/STM32CubeIDE_1.19.0/STM32CubeIDE/plugins/com.st.stm32cube.ide.mcu.externaltools.gnu-tools-for-stm32.13.3.rel1.win32_1.0.0.202411081344/tools/bin/../lib/gcc/arm-none-eabi/13.3.1/../../../../arm-none-eabi/lib/thumb/v7e-m+fp/hard\libc_nano.a(libc_a-init.o)
 .ARM.attributes
                0x00000557       0x22 C:/ST/STM32CubeIDE_1.19.0/STM32CubeIDE/plugins/com.st.stm32cube.ide.mcu.externaltools.gnu-tools-for-stm32.13.3.rel1.win32_1.0.0.202411081344/tools/bin/../lib/gcc/arm-none-eabi/13.3.1/thumb/v7e-m+fp/hard\libgcc.a(_aeabi_uldivmod.o)
 .ARM.attributes
                0x00000579       0x34 C:/ST/STM32CubeIDE_1.19.0/STM32CubeIDE/plugins/com.st.stm32cube.ide.mcu.externaltools.gnu-tools-for-stm32.13.3.rel1.win32_1.0.0.202411081344/tools/bin/../lib/gcc/arm-none-eabi/13.3.1/thumb/v7e-m+fp/hard\libgcc.a(_udivmoddi4.o)
 .ARM.attributes
                0x000005ad       0x22 C:/ST/STM32CubeIDE_1.19.0/STM32CubeIDE/plugins/com.st.stm32cube.ide.mcu.externaltools.gnu-tools-for-stm32.13.3.rel1.win32_1.0.0.202411081344/tools/bin/../lib/gcc/arm-none-eabi/13.3.1/thumb/v7e-m+fp/hard\libgcc.a(_dvmd_tls.o)
 .ARM.attributes
                0x000005cf       0x22 C:/ST/STM32CubeIDE_1.19.0/STM32CubeIDE/plugins/com.st.stm32cube.ide.mcu.externaltools.gnu-tools-for-stm32.13.3.rel1.win32_1.0.0.202411081344/tools/bin/../lib/gcc/arm-none-eabi/13.3.1/thumb/v7e-m+fp/hard/crtn.o
OUTPUT(STM32F411_Basic.elf elf32-littlearm)
LOAD linker stubs
LOAD C:/ST/STM32CubeIDE_1.19.0/STM32CubeIDE/plugins/com.st.stm32cube.ide.mcu.externaltools.gnu-tools-for-stm32.13.3.rel1.win32_1.0.0.202411081344/tools/bin/../lib/gcc/arm-none-eabi/13.3.1/../../../../arm-none-eabi/lib/thumb/v7e-m+fp/hard\libc.a
LOAD C:/ST/STM32CubeIDE_1.19.0/STM32CubeIDE/plugins/com.st.stm32cube.ide.mcu.externaltools.gnu-tools-for-stm32.13.3.rel1.win32_1.0.0.202411081344/tools/bin/../lib/gcc/arm-none-eabi/13.3.1/../../../../arm-none-eabi/lib/thumb/v7e-m+fp/hard\libm.a
LOAD C:/ST/STM32CubeIDE_1.19.0/STM32CubeIDE/plugins/com.st.stm32cube.ide.mcu.externaltools.gnu-tools-for-stm32.13.3.rel1.win32_1.0.0.202411081344/tools/bin/../lib/gcc/arm-none-eabi/13.3.1/thumb/v7e-m+fp/hard\libgcc.a

.debug_info     0x00000000    0x13714
 .debug_info    0x00000000     0x133c ./Core/Src/main.o
 .debug_info    0x0000133c      0xdb8 ./Core/Src/stm32f4xx_hal_msp.o
 .debug_info    0x000020f4      0x627 ./Core/Src/stm32f4xx_it.o
 .debug_info    0x0000271b      0x53e ./Core/Src/system_stm32f4xx.o
 .debug_info    0x00002c59       0x30 ./Core/Startup/startup_stm32f411ceux.o
 .debug_info    0x00002c89      0x8c4 ./Drivers/STM32F4xx_HAL_Driver/Src/stm32f4xx_hal.o
 .debug_info    0x0000354d      0xce0 ./Drivers/STM32F4xx_HAL_Driver/Src/stm32f4xx_hal_adc.o
 .debug_info    0x0000422d      0xcfc ./Drivers/STM32F4xx_HAL_Driver/Src/stm32f4xx_hal_cortex.o
 .debug_info    0x00004f29      0x6f9 ./Drivers/STM32F4xx_HAL_Driver/Src/stm32f4xx_hal_gpio.o
 .debug_info    0x00005622     0x1577 ./Drivers/STM32F4xx_HAL_Driver/Src/stm32f4xx_hal_pcd.o
 .debug_info    0x00006b99      0x6ea ./Drivers/STM32F4xx_HAL_Driver/Src/stm32f4xx_hal_pcd_ex.o
 .debug_info    0x00007283      0x904 ./Drivers/STM32F4xx_HAL_Driver/Src/stm32f4xx_hal_rcc.o
 .debug_info    0x00007b87     0x2996 ./Drivers/STM32F4xx_HAL_Driver/Src/stm32f4xx_hal_tim.o
 .debug_info    0x0000a51d     0x14d4 ./Drivers/STM32F4xx_HAL_Driver/Src/stm32f4xx_hal_tim_ex.o
 .debug_info    0x0000b9f1     0x1993 ./Drivers/STM32F4xx_HAL_Driver/Src/stm32f4xx_ll_usb.o
 .debug_info    0x0000d384     0x12b1 ./Middlewares/ST/STM32_USB_Device_Library/Class/CDC/Src/usbd_cdc.o
 .debug_info    0x0000e635      0xe12 ./Middlewares/ST/STM32_USB_Device_Library/Core/Src/usbd_core.o
 .debug_info    0x0000f447      0xaeb ./Middlewares/ST/STM32_USB_Device_Library/Core/Src/usbd_ctlreq.o
 .debug_info    0x0000ff32      0x762 ./Middlewares/ST/STM32_USB_Device_Library/Core/Src/usbd_ioreq.o
 .debug_info    0x00010694      0x70e ./USB_DEVICE/App/usb_device.o
 .debug_info    0x00010da2      0x907 ./USB_DEVICE/App/usbd_cdc_if.o
 .debug_info    0x000116a9      0x458 ./USB_DEVICE/App/usbd_desc.o
 .debug_info    0x00011b01     0x1c13 ./USB_DEVICE/Target/usbd_conf.o

.debug_abbrev   0x00000000     0x3270
 .debug_abbrev  0x00000000      0x284 ./Core/Src/main.o
 .debug_abbrev  0x00000284      0x1fe ./Core/Src/stm32f4xx_hal_msp.o
 .debug_abbrev  0x00000482      0x1a4 ./Core/Src/stm32f4xx_it.o
 .debug_abbrev  0x00000626      0x11a ./Core/Src/system_stm32f4xx.o
 .debug_abbrev  0x00000740       0x24 ./Core/Startup/startup_stm32f411ceux.o
 .debug_abbrev  0x00000764      0x24b ./Drivers/STM32F4xx_HAL_Driver/Src/stm32f4xx_hal.o
 .debug_abbrev  0x000009af      0x20e ./Drivers/STM32F4xx_HAL_Driver/Src/stm32f4xx_hal_adc.o
 .debug_abbrev  0x00000bbd      0x31d ./Drivers/STM32F4xx_HAL_Driver/Src/stm32f4xx_hal_cortex.o
 .debug_abbrev  0x00000eda      0x1d3 ./Drivers/STM32F4xx_HAL_Driver/Src/stm32f4xx_hal_gpio.o
 .debug_abbrev  0x000010ad      0x2b6 ./Drivers/STM32F4xx_HAL_Driver/Src/stm32f4xx_hal_pcd.o
 .debug_abbrev  0x00001363      0x1da ./Drivers/STM32F4xx_HAL_Driver/Src/stm32f4xx_hal_pcd_ex.o
 .debug_abbrev  0x0000153d      0x2b6 ./Drivers/STM32F4xx_HAL_Driver/Src/stm32f4xx_hal_rcc.o
 .debug_abbrev  0x000017f3      0x28b ./Drivers/STM32F4xx_HAL_Driver/Src/stm32f4xx_hal_tim.o
 .debug_abbrev  0x00001a7e      0x296 ./Drivers/STM32F4xx_HAL_Driver/Src/stm32f4xx_hal_tim_ex.o
 .debug_abbrev  0x00001d14      0x2b3 ./Drivers/STM32F4xx_HAL_Driver/Src/stm32f4xx_ll_usb.o
 .debug_abbrev  0x00001fc7      0x2d2 ./Middlewares/ST/STM32_USB_Device_Library/Class/CDC/Src/usbd_cdc.o
 .debug_abbrev  0x00002299      0x27c ./Middlewares/ST/STM32_USB_Device_Library/Core/Src/usbd_core.o
 .debug_abbrev  0x00002515      0x26f ./Middlewares/ST/STM32_USB_Device_Library/Core/Src/usbd_ctlreq.o
 .debug_abbrev  0x00002784      0x19a ./Middlewares/ST/STM32_USB_Device_Library/Core/Src/usbd_ioreq.o
 .debug_abbrev  0x0000291e      0x195 ./USB_DEVICE/App/usb_device.o
 .debug_abbrev  0x00002ab3      0x29d ./USB_DEVICE/App/usbd_cdc_if.o
 .debug_abbrev  0x00002d50      0x1e1 ./USB_DEVICE/App/usbd_desc.o
 .debug_abbrev  0x00002f31      0x33f ./USB_DEVICE/Target/usbd_conf.o

.debug_aranges  0x00000000     0x11b8
 .debug_aranges
                0x00000000       0x58 ./Core/Src/main.o
 .debug_aranges
                0x00000058       0x48 ./Core/Src/stm32f4xx_hal_msp.o
 .debug_aranges
                0x000000a0       0x68 ./Core/Src/stm32f4xx_it.o
 .debug_aranges
                0x00000108       0x28 ./Core/Src/system_stm32f4xx.o
 .debug_aranges
                0x00000130       0x28 ./Core/Startup/startup_stm32f411ceux.o
 .debug_aranges
                0x00000158       0xf0 ./Drivers/STM32F4xx_HAL_Driver/Src/stm32f4xx_hal.o
 .debug_aranges
                0x00000248       0xe8 ./Drivers/STM32F4xx_HAL_Driver/Src/stm32f4xx_hal_adc.o
 .debug_aranges
                0x00000330      0x130 ./Drivers/STM32F4xx_HAL_Driver/Src/stm32f4xx_hal_cortex.o
 .debug_aranges
                0x00000460       0x58 ./Drivers/STM32F4xx_HAL_Driver/Src/stm32f4xx_hal_gpio.o
 .debug_aranges
                0x000004b8      0x148 ./Drivers/STM32F4xx_HAL_Driver/Src/stm32f4xx_hal_pcd.o
 .debug_aranges
                0x00000600       0x38 ./Drivers/STM32F4xx_HAL_Driver/Src/stm32f4xx_hal_pcd_ex.o
 .debug_aranges
                0x00000638       0x88 ./Drivers/STM32F4xx_HAL_Driver/Src/stm32f4xx_hal_rcc.o
 .debug_aranges
                0x000006c0      0x3d0 ./Drivers/STM32F4xx_HAL_Driver/Src/stm32f4xx_hal_tim.o
 .debug_aranges
                0x00000a90      0x168 ./Drivers/STM32F4xx_HAL_Driver/Src/stm32f4xx_hal_tim_ex.o
 .debug_aranges
                0x00000bf8      0x1a0 ./Drivers/STM32F4xx_HAL_Driver/Src/stm32f4xx_ll_usb.o
 .debug_aranges
                0x00000d98       0x90 ./Middlewares/ST/STM32_USB_Device_Library/Class/CDC/Src/usbd_cdc.o
 .debug_aranges
                0x00000e28       0xd8 ./Middlewares/ST/STM32_USB_Device_Library/Core/Src/usbd_core.o
 .debug_aranges
                0x00000f00       0x90 ./Middlewares/ST/STM32_USB_Device_Library/Core/Src/usbd_ctlreq.o
 .debug_aranges
                0x00000f90       0x50 ./Middlewares/ST/STM32_USB_Device_Library/Core/Src/usbd_ioreq.o
 .debug_aranges
                0x00000fe0       0x20 ./USB_DEVICE/App/usb_device.o
 .debug_aranges
                0x00001000       0x48 ./USB_DEVICE/App/usbd_cdc_if.o
 .debug_aranges
                0x00001048       0x60 ./USB_DEVICE/App/usbd_desc.o
 .debug_aranges
                0x000010a8      0x110 ./USB_DEVICE/Target/usbd_conf.o

.debug_rnglists
                0x00000000      0xd85
 .debug_rnglists
                0x00000000       0x43 ./Core/Src/main.o
 .debug_rnglists
                0x00000043       0x34 ./Core/Src/stm32f4xx_hal_msp.o
 .debug_rnglists
                0x00000077       0x49 ./Core/Src/stm32f4xx_it.o
 .debug_rnglists
                0x000000c0       0x1a ./Core/Src/system_stm32f4xx.o
 .debug_rnglists
                0x000000da       0x19 ./Core/Startup/startup_stm32f411ceux.o
 .debug_rnglists
                0x000000f3       0xaf ./Drivers/STM32F4xx_HAL_Driver/Src/stm32f4xx_hal.o
 .debug_rnglists
                0x000001a2       0xb5 ./Drivers/STM32F4xx_HAL_Driver/Src/stm32f4xx_hal_adc.o
 .debug_rnglists
                0x00000257       0xe0 ./Drivers/STM32F4xx_HAL_Driver/Src/stm32f4xx_hal_cortex.o
 .debug_rnglists
                0x00000337       0x3f ./Drivers/STM32F4xx_HAL_Driver/Src/stm32f4xx_hal_gpio.o
 .debug_rnglists
                0x00000376       0xfa ./Drivers/STM32F4xx_HAL_Driver/Src/stm32f4xx_hal_pcd.o
 .debug_rnglists
                0x00000470       0x26 ./Drivers/STM32F4xx_HAL_Driver/Src/stm32f4xx_hal_pcd_ex.o
 .debug_rnglists
                0x00000496       0x66 ./Drivers/STM32F4xx_HAL_Driver/Src/stm32f4xx_hal_rcc.o
 .debug_rnglists
                0x000004fc      0x31a ./Drivers/STM32F4xx_HAL_Driver/Src/stm32f4xx_hal_tim.o
 .debug_rnglists
                0x00000816      0x125 ./Drivers/STM32F4xx_HAL_Driver/Src/stm32f4xx_hal_tim_ex.o
 .debug_rnglists
                0x0000093b      0x147 ./Drivers/STM32F4xx_HAL_Driver/Src/stm32f4xx_ll_usb.o
 .debug_rnglists
                0x00000a82       0x6c ./Middlewares/ST/STM32_USB_Device_Library/Class/CDC/Src/usbd_cdc.o
 .debug_rnglists
                0x00000aee       0xa1 ./Middlewares/ST/STM32_USB_Device_Library/Core/Src/usbd_core.o
 .debug_rnglists
                0x00000b8f       0x6e ./Middlewares/ST/STM32_USB_Device_Library/Core/Src/usbd_ctlreq.o
 .debug_rnglists
                0x00000bfd       0x37 ./Middlewares/ST/STM32_USB_Device_Library/Core/Src/usbd_ioreq.o
 .debug_rnglists
                0x00000c34       0x13 ./USB_DEVICE/App/usb_device.o
 .debug_rnglists
                0x00000c47       0x32 ./USB_DEVICE/App/usbd_cdc_if.o
 .debug_rnglists
                0x00000c79       0x43 ./USB_DEVICE/App/usbd_desc.o
 .debug_rnglists
                0x00000cbc       0xc9 ./USB_DEVICE/Target/usbd_conf.o

.debug_macro    0x00000000    0x1a053
 .debug_macro   0x00000000      0x383 ./Core/Src/main.o
 .debug_macro   0x00000383      0xad8 ./Core/Src/main.o
 .debug_macro   0x00000e5b      0x2a1 ./Core/Src/main.o
 .debug_macro   0x000010fc       0x2e ./Core/Src/main.o
 .debug_macro   0x0000112a       0x28 ./Core/Src/main.o
 .debug_macro   0x00001152       0x22 ./Core/Src/main.o
 .debug_macro   0x00001174       0x8e ./Core/Src/main.o
 .debug_macro   0x00001202       0x51 ./Core/Src/main.o
 .debug_macro   0x00001253      0x103 ./Core/Src/main.o
 .debug_macro   0x00001356       0x6a ./Core/Src/main.o
 .debug_macro   0x000013c0      0x1df ./Core/Src/main.o
 .debug_macro   0x0000159f       0x1c ./Core/Src/main.o
 .debug_macro   0x000015bb       0x22 ./Core/Src/main.o
 .debug_macro   0x000015dd       0xfb ./Core/Src/main.o
 .debug_macro   0x000016d8     0x1011 ./Core/Src/main.o
 .debug_macro   0x000026e9      0x11f ./Core/Src/main.o
 .debug_macro   0x00002808     0xb968 ./Core/Src/main.o
 .debug_macro   0x0000e170       0x6d ./Core/Src/main.o
 .debug_macro   0x0000e1dd     0x3693 ./Core/Src/main.o
 .debug_macro   0x00011870      0x190 ./Core/Src/main.o
 .debug_macro   0x00011a00       0x5c ./Core/Src/main.o
 .debug_macro   0x00011a5c      0x45c ./Core/Src/main.o
 .debug_macro   0x00011eb8      0x9e9 ./Core/Src/main.o
 .debug_macro   0x000128a1      0x115 ./Core/Src/main.o
 .debug_macro   0x000129b6      0x11b ./Core/Src/main.o
 .debug_macro   0x00012ad1       0xa5 ./Core/Src/main.o
 .debug_macro   0x00012b76      0x15f ./Core/Src/main.o
 .debug_macro   0x00012cd5      0x287 ./Core/Src/main.o
 .debug_macro   0x00012f5c       0x5f ./Core/Src/main.o
 .debug_macro   0x00012fbb      0x236 ./Core/Src/main.o
 .debug_macro   0x000131f1      0x9e1 ./Core/Src/main.o
 .debug_macro   0x00013bd2      0x38b ./Core/Src/main.o
 .debug_macro   0x00013f5d      0x17d ./Core/Src/main.o
 .debug_macro   0x000140da       0xf9 ./Core/Src/main.o
 .debug_macro   0x000141d3      0x132 ./Core/Src/main.o
 .debug_macro   0x00014305      0x264 ./Core/Src/main.o
 .debug_macro   0x00014569       0x2e ./Core/Src/main.o
 .debug_macro   0x00014597      0x127 ./Core/Src/main.o
 .debug_macro   0x000146be       0x85 ./Core/Src/main.o
 .debug_macro   0x00014743       0x89 ./Core/Src/main.o
 .debug_macro   0x000147cc      0x8ed ./Core/Src/main.o
 .debug_macro   0x000150b9       0x47 ./Core/Src/main.o
 .debug_macro   0x00015100      0x293 ./Core/Src/main.o
 .debug_macro   0x00015393       0xba ./Core/Src/main.o
 .debug_macro   0x0001544d      0x126 ./Core/Src/main.o
 .debug_macro   0x00015573       0x1c ./Core/Src/main.o
 .debug_macro   0x0001558f       0x61 ./Core/Src/main.o
 .debug_macro   0x000155f0       0x2a ./Core/Src/main.o
 .debug_macro   0x0001561a       0x43 ./Core/Src/main.o
 .debug_macro   0x0001565d       0x34 ./Core/Src/main.o
 .debug_macro   0x00015691       0x16 ./Core/Src/main.o
 .debug_macro   0x000156a7       0x3c ./Core/Src/main.o
 .debug_macro   0x000156e3      0x370 ./Core/Src/main.o
 .debug_macro   0x00015a53       0x10 ./Core/Src/main.o
 .debug_macro   0x00015a63       0x16 ./Core/Src/main.o
 .debug_macro   0x00015a79       0x4a ./Core/Src/main.o
 .debug_macro   0x00015ac3       0x34 ./Core/Src/main.o
 .debug_macro   0x00015af7       0x10 ./Core/Src/main.o
 .debug_macro   0x00015b07       0x58 ./Core/Src/main.o
 .debug_macro   0x00015b5f       0x8e ./Core/Src/main.o
 .debug_macro   0x00015bed       0x1c ./Core/Src/main.o
 .debug_macro   0x00015c09      0x185 ./Core/Src/main.o
 .debug_macro   0x00015d8e       0x16 ./Core/Src/main.o
 .debug_macro   0x00015da4       0x16 ./Core/Src/main.o
 .debug_macro   0x00015dba      0x146 ./Core/Src/main.o
 .debug_macro   0x00015f00       0x16 ./Core/Src/main.o
 .debug_macro   0x00015f16       0x16 ./Core/Src/main.o
 .debug_macro   0x00015f2c       0x29 ./Core/Src/main.o
 .debug_macro   0x00015f55       0x16 ./Core/Src/main.o
 .debug_macro   0x00015f6b       0x20 ./Core/Src/main.o
 .debug_macro   0x00015f8b       0x65 ./Core/Src/main.o
 .debug_macro   0x00015ff0      0x20f ./Core/Src/main.o
 .debug_macro   0x000161ff      0x21f ./Core/Src/stm32f4xx_hal_msp.o
 .debug_macro   0x0001641e      0x229 ./Core/Src/stm32f4xx_it.o
 .debug_macro   0x00016647      0x210 ./Core/Src/system_stm32f4xx.o
 .debug_macro   0x00016857      0x270 ./Drivers/STM32F4xx_HAL_Driver/Src/stm32f4xx_hal.o
 .debug_macro   0x00016ac7      0x211 ./Drivers/STM32F4xx_HAL_Driver/Src/stm32f4xx_hal_adc.o
 .debug_macro   0x00016cd8      0x210 ./Drivers/STM32F4xx_HAL_Driver/Src/stm32f4xx_hal_cortex.o
 .debug_macro   0x00016ee8      0x216 ./Drivers/STM32F4xx_HAL_Driver/Src/stm32f4xx_hal_gpio.o
 .debug_macro   0x000170fe      0x21c ./Drivers/STM32F4xx_HAL_Driver/Src/stm32f4xx_hal_pcd.o
 .debug_macro   0x0001731a      0x210 ./Drivers/STM32F4xx_HAL_Driver/Src/stm32f4xx_hal_pcd_ex.o
 .debug_macro   0x0001752a      0x234 ./Drivers/STM32F4xx_HAL_Driver/Src/stm32f4xx_hal_rcc.o
 .debug_macro   0x0001775e      0x211 ./Drivers/STM32F4xx_HAL_Driver/Src/stm32f4xx_hal_tim.o
 .debug_macro   0x0001796f      0x210 ./Drivers/STM32F4xx_HAL_Driver/Src/stm32f4xx_hal_tim_ex.o
 .debug_macro   0x00017b7f      0x210 ./Drivers/STM32F4xx_HAL_Driver/Src/stm32f4xx_ll_usb.o
 .debug_macro   0x00017d8f      0x3ae ./Middlewares/ST/STM32_USB_Device_Library/Class/CDC/Src/usbd_cdc.o
 .debug_macro   0x0001813d       0x9e ./Middlewares/ST/STM32_USB_Device_Library/Class/CDC/Src/usbd_cdc.o
 .debug_macro   0x000181db      0x112 ./Middlewares/ST/STM32_USB_Device_Library/Class/CDC/Src/usbd_cdc.o
 .debug_macro   0x000182ed       0x56 ./Middlewares/ST/STM32_USB_Device_Library/Class/CDC/Src/usbd_cdc.o
 .debug_macro   0x00018343       0x95 ./Middlewares/ST/STM32_USB_Device_Library/Class/CDC/Src/usbd_cdc.o
 .debug_macro   0x000183d8      0x395 ./Middlewares/ST/STM32_USB_Device_Library/Core/Src/usbd_core.o
 .debug_macro   0x0001876d      0x215 ./Middlewares/ST/STM32_USB_Device_Library/Core/Src/usbd_core.o
 .debug_macro   0x00018982      0x39f ./Middlewares/ST/STM32_USB_Device_Library/Core/Src/usbd_ctlreq.o
 .debug_macro   0x00018d21      0x39b ./Middlewares/ST/STM32_USB_Device_Library/Core/Src/usbd_ioreq.o
 .debug_macro   0x000190bc      0x3ce ./USB_DEVICE/App/usb_device.o
 .debug_macro   0x0001948a       0x22 ./USB_DEVICE/App/usb_device.o
 .debug_macro   0x000194ac       0x22 ./USB_DEVICE/App/usb_device.o
 .debug_macro   0x000194ce       0x16 ./USB_DEVICE/App/usb_device.o
 .debug_macro   0x000194e4      0x3b9 ./USB_DEVICE/App/usbd_cdc_if.o
 .debug_macro   0x0001989d       0x10 ./USB_DEVICE/App/usbd_cdc_if.o
 .debug_macro   0x000198ad      0x3d8 ./USB_DEVICE/App/usbd_desc.o
 .debug_macro   0x00019c85       0x1c ./USB_DEVICE/App/usbd_desc.o
 .debug_macro   0x00019ca1      0x3b2 ./USB_DEVICE/Target/usbd_conf.o

.debug_line     0x00000000    0x160e2
 .debug_line    0x00000000      0xcda ./Core/Src/main.o
 .debug_line    0x00000cda      0x8eb ./Core/Src/stm32f4xx_hal_msp.o
 .debug_line    0x000015c5      0x883 ./Core/Src/stm32f4xx_it.o
 .debug_line    0x00001e48      0x832 ./Core/Src/system_stm32f4xx.o
 .debug_line    0x0000267a       0x7a ./Core/Startup/startup_stm32f411ceux.o
 .debug_line    0x000026f4      0xaae ./Drivers/STM32F4xx_HAL_Driver/Src/stm32f4xx_hal.o
 .debug_line    0x000031a2     0x1205 ./Drivers/STM32F4xx_HAL_Driver/Src/stm32f4xx_hal_adc.o
 .debug_line    0x000043a7      0xd7e ./Drivers/STM32F4xx_HAL_Driver/Src/stm32f4xx_hal_cortex.o
 .debug_line    0x00005125      0xbca ./Drivers/STM32F4xx_HAL_Driver/Src/stm32f4xx_hal_gpio.o
 .debug_line    0x00005cef     0x14f9 ./Drivers/STM32F4xx_HAL_Driver/Src/stm32f4xx_hal_pcd.o
 .debug_line    0x000071e8      0x877 ./Drivers/STM32F4xx_HAL_Driver/Src/stm32f4xx_hal_pcd_ex.o
 .debug_line    0x00007a5f      0xebb ./Drivers/STM32F4xx_HAL_Driver/Src/stm32f4xx_hal_rcc.o
 .debug_line    0x0000891a     0x35ed ./Drivers/STM32F4xx_HAL_Driver/Src/stm32f4xx_hal_tim.o
 .debug_line    0x0000bf07     0x19a9 ./Drivers/STM32F4xx_HAL_Driver/Src/stm32f4xx_hal_tim_ex.o
 .debug_line    0x0000d8b0     0x1d86 ./Drivers/STM32F4xx_HAL_Driver/Src/stm32f4xx_ll_usb.o
 .debug_line    0x0000f636      0xf1b ./Middlewares/ST/STM32_USB_Device_Library/Class/CDC/Src/usbd_cdc.o
 .debug_line    0x00010551      0xfd3 ./Middlewares/ST/STM32_USB_Device_Library/Core/Src/usbd_core.o
 .debug_line    0x00011524     0x1195 ./Middlewares/ST/STM32_USB_Device_Library/Core/Src/usbd_ctlreq.o
 .debug_line    0x000126b9      0xada ./Middlewares/ST/STM32_USB_Device_Library/Core/Src/usbd_ioreq.o
 .debug_line    0x00013193      0xaa0 ./USB_DEVICE/App/usb_device.o
 .debug_line    0x00013c33      0xaf3 ./USB_DEVICE/App/usbd_cdc_if.o
 .debug_line    0x00014726      0xb49 ./USB_DEVICE/App/usbd_desc.o
 .debug_line    0x0001526f      0xe73 ./USB_DEVICE/Target/usbd_conf.o

.debug_str      0x00000000    0x9b785
 .debug_str     0x00000000    0x9b785 ./Core/Src/main.o
                              0x96f05 (size before relaxing)
 .debug_str     0x0009b785    0x9275b ./Core/Src/stm32f4xx_hal_msp.o
 .debug_str     0x0009b785    0x92339 ./Core/Src/stm32f4xx_it.o
 .debug_str     0x0009b785    0x91ff4 ./Core/Src/system_stm32f4xx.o
 .debug_str     0x0009b785       0xb9 ./Core/Startup/startup_stm32f411ceux.o
 .debug_str     0x0009b785    0x92a20 ./Drivers/STM32F4xx_HAL_Driver/Src/stm32f4xx_hal.o
 .debug_str     0x0009b785    0x925cf ./Drivers/STM32F4xx_HAL_Driver/Src/stm32f4xx_hal_adc.o
 .debug_str     0x0009b785    0x9278a ./Drivers/STM32F4xx_HAL_Driver/Src/stm32f4xx_hal_cortex.o
 .debug_str     0x0009b785    0x9216f ./Drivers/STM32F4xx_HAL_Driver/Src/stm32f4xx_hal_gpio.o
 .debug_str     0x0009b785    0x92ac0 ./Drivers/STM32F4xx_HAL_Driver/Src/stm32f4xx_hal_pcd.o
 .debug_str     0x0009b785    0x923b0 ./Drivers/STM32F4xx_HAL_Driver/Src/stm32f4xx_hal_pcd_ex.o
 .debug_str     0x0009b785    0x92428 ./Drivers/STM32F4xx_HAL_Driver/Src/stm32f4xx_hal_rcc.o
 .debug_str     0x0009b785    0x9336c ./Drivers/STM32F4xx_HAL_Driver/Src/stm32f4xx_hal_tim.o
 .debug_str     0x0009b785    0x92b78 ./Drivers/STM32F4xx_HAL_Driver/Src/stm32f4xx_hal_tim_ex.o
 .debug_str     0x0009b785    0x9299b ./Drivers/STM32F4xx_HAL_Driver/Src/stm32f4xx_ll_usb.o
 .debug_str     0x0009b785    0x970ac ./Middlewares/ST/STM32_USB_Device_Library/Class/CDC/Src/usbd_cdc.o
 .debug_str     0x0009b785    0x96a05 ./Middlewares/ST/STM32_USB_Device_Library/Core/Src/usbd_core.o
 .debug_str     0x0009b785    0x96830 ./Middlewares/ST/STM32_USB_Device_Library/Core/Src/usbd_ctlreq.o
 .debug_str     0x0009b785    0x96705 ./Middlewares/ST/STM32_USB_Device_Library/Core/Src/usbd_ioreq.o
 .debug_str     0x0009b785    0x96ab8 ./USB_DEVICE/App/usb_device.o
 .debug_str     0x0009b785    0x96af8 ./USB_DEVICE/App/usbd_cdc_if.o
 .debug_str     0x0009b785    0x965fd ./USB_DEVICE/App/usbd_desc.o
 .debug_str     0x0009b785    0x977b4 ./USB_DEVICE/Target/usbd_conf.o

.comment        0x00000000       0x43
 .comment       0x00000000       0x43 ./Core/Src/main.o
                                 0x44 (size before relaxing)
 .comment       0x00000043       0x44 ./Core/Src/stm32f4xx_hal_msp.o
 .comment       0x00000043       0x44 ./Core/Src/stm32f4xx_it.o
 .comment       0x00000043       0x44 ./Core/Src/system_stm32f4xx.o
 .comment       0x00000043       0x44 ./Drivers/STM32F4xx_HAL_Driver/Src/stm32f4xx_hal.o
 .comment       0x00000043       0x44 ./Drivers/STM32F4xx_HAL_Driver/Src/stm32f4xx_hal_adc.o
 .comment       0x00000043       0x44 ./Drivers/STM32F4xx_HAL_Driver/Src/stm32f4xx_hal_cortex.o
 .comment       0x00000043       0x44 ./Drivers/STM32F4xx_HAL_Driver/Src/stm32f4xx_hal_gpio.o
 .comment       0x00000043       0x44 ./Drivers/STM32F4xx_HAL_Driver/Src/stm32f4xx_hal_pcd.o
 .comment       0x00000043       0x44 ./Drivers/STM32F4xx_HAL_Driver/Src/stm32f4xx_hal_pcd_ex.o
 .comment       0x00000043       0x44 ./Drivers/STM32F4xx_HAL_Driver/Src/stm32f4xx_hal_rcc.o
 .comment       0x00000043       0x44 ./Drivers/STM32F4xx_HAL_Driver/Src/stm32f4xx_hal_tim.o
 .comment       0x00000043       0x44 ./Drivers/STM32F4xx_HAL_Driver/Src/stm32f4xx_hal_tim_ex.o
 .comment       0x00000043       0x44 ./Drivers/STM32F4xx_HAL_Driver/Src/stm32f4xx_ll_usb.o
 .comment       0x00000043       0x44 ./Middlewares/ST/STM32_USB_Device_Library/Class/CDC/Src/usbd_cdc.o
 .comment       0x00000043       0x44 ./Middlewares/ST/STM32_USB_Device_Library/Core/Src/usbd_core.o
 .comment       0x00000043       0x44 ./Middlewares/ST/STM32_USB_Device_Library/Core/Src/usbd_ctlreq.o
 .comment       0x00000043       0x44 ./Middlewares/ST/STM32_USB_Device_Library/Core/Src/usbd_ioreq.o
 .comment       0x00000043       0x44 ./USB_DEVICE/App/usb_device.o
 .comment       0x00000043       0x44 ./USB_DEVICE/App/usbd_cdc_if.o
 .comment       0x00000043       0x44 ./USB_DEVICE/App/usbd_desc.o
 .comment       0x00000043       0x44 ./USB_DEVICE/Target/usbd_conf.o

.debug_frame    0x00000000     0x4a04
 .debug_frame   0x00000000      0x11c ./Core/Src/main.o
 .debug_frame   0x0000011c       0xf4 ./Core/Src/stm32f4xx_hal_msp.o
 .debug_frame   0x00000210      0x120 ./Core/Src/stm32f4xx_it.o
 .debug_frame   0x00000330       0x58 ./Core/Src/system_stm32f4xx.o
 .debug_frame   0x00000388      0x374 ./Drivers/STM32F4xx_HAL_Driver/Src/stm32f4xx_hal.o
 .debug_frame   0x000006fc      0x3fc ./Drivers/STM32F4xx_HAL_Driver/Src/stm32f4xx_hal_adc.o
 .debug_frame   0x00000af8      0x508 ./Drivers/STM32F4xx_HAL_Driver/Src/stm32f4xx_hal_cortex.o
 .debug_frame   0x00001000      0x14c ./Drivers/STM32F4xx_HAL_Driver/Src/stm32f4xx_hal_gpio.o
 .debug_frame   0x0000114c      0x5b8 ./Drivers/STM32F4xx_HAL_Driver/Src/stm32f4xx_hal_pcd.o
 .debug_frame   0x00001704       0xb0 ./Drivers/STM32F4xx_HAL_Driver/Src/stm32f4xx_hal_pcd_ex.o
 .debug_frame   0x000017b4      0x1f4 ./Drivers/STM32F4xx_HAL_Driver/Src/stm32f4xx_hal_rcc.o
 .debug_frame   0x000019a8     0x11b8 ./Drivers/STM32F4xx_HAL_Driver/Src/stm32f4xx_hal_tim.o
 .debug_frame   0x00002b60      0x638 ./Drivers/STM32F4xx_HAL_Driver/Src/stm32f4xx_hal_tim_ex.o
 .debug_frame   0x00003198      0x7c0 ./Drivers/STM32F4xx_HAL_Driver/Src/stm32f4xx_ll_usb.o
 .debug_frame   0x00003958      0x23c ./Middlewares/ST/STM32_USB_Device_Library/Class/CDC/Src/usbd_cdc.o
 .debug_frame   0x00003b94      0x390 ./Middlewares/ST/STM32_USB_Device_Library/Core/Src/usbd_core.o
 .debug_frame   0x00003f24      0x23c ./Middlewares/ST/STM32_USB_Device_Library/Core/Src/usbd_ctlreq.o
 .debug_frame   0x00004160      0x10c ./Middlewares/ST/STM32_USB_Device_Library/Core/Src/usbd_ioreq.o
 .debug_frame   0x0000426c       0x2c ./USB_DEVICE/App/usb_device.o
 .debug_frame   0x00004298       0xe4 ./USB_DEVICE/App/usbd_cdc_if.o
 .debug_frame   0x0000437c      0x160 ./USB_DEVICE/App/usbd_desc.o
 .debug_frame   0x000044dc      0x47c ./USB_DEVICE/Target/usbd_conf.o
 .debug_frame   0x00004958       0x20 C:/ST/STM32CubeIDE_1.19.0/STM32CubeIDE/plugins/com.st.stm32cube.ide.mcu.externaltools.gnu-tools-for-stm32.13.3.rel1.win32_1.0.0.202411081344/tools/bin/../lib/gcc/arm-none-eabi/13.3.1/../../../../arm-none-eabi/lib/thumb/v7e-m+fp/hard\libc_nano.a(libc_a-memset.o)
 .debug_frame   0x00004978       0x2c C:/ST/STM32CubeIDE_1.19.0/STM32CubeIDE/plugins/com.st.stm32cube.ide.mcu.externaltools.gnu-tools-for-stm32.13.3.rel1.win32_1.0.0.202411081344/tools/bin/../lib/gcc/arm-none-eabi/13.3.1/../../../../arm-none-eabi/lib/thumb/v7e-m+fp/hard\libc_nano.a(libc_a-init.o)
 .debug_frame   0x000049a4       0x2c C:/ST/STM32CubeIDE_1.19.0/STM32CubeIDE/plugins/com.st.stm32cube.ide.mcu.externaltools.gnu-tools-for-stm32.13.3.rel1.win32_1.0.0.202411081344/tools/bin/../lib/gcc/arm-none-eabi/13.3.1/thumb/v7e-m+fp/hard\libgcc.a(_aeabi_uldivmod.o)
 .debug_frame   0x000049d0       0x34 C:/ST/STM32CubeIDE_1.19.0/STM32CubeIDE/plugins/com.st.stm32cube.ide.mcu.externaltools.gnu-tools-for-stm32.13.3.rel1.win32_1.0.0.202411081344/tools/bin/../lib/gcc/arm-none-eabi/13.3.1/thumb/v7e-m+fp/hard\libgcc.a(_udivmoddi4.o)

.debug_line_str
                0x00000000       0x9d
 .debug_line_str
                0x00000000       0x9d ./Core/Startup/startup_stm32f411ceux.o
